Archive member included to satisfy reference by file (symbol)

c:/st/stm32cubeide_1.0.2/stm32cubeide/plugins/com.st.stm32cube.ide.mcu.externaltools.gnu-tools-for-stm32.7-2018-q2-update.win32_1.0.0.201904181610/tools/bin/../lib/gcc/arm-none-eabi/7.3.1/../../../../arm-none-eabi/lib/thumb/v7e-m/fpv4-sp/hard\libc_nano.a(lib_a-errno.o)
                              Core/Src/syscalls.o (__errno)
c:/st/stm32cubeide_1.0.2/stm32cubeide/plugins/com.st.stm32cube.ide.mcu.externaltools.gnu-tools-for-stm32.7-2018-q2-update.win32_1.0.0.201904181610/tools/bin/../lib/gcc/arm-none-eabi/7.3.1/../../../../arm-none-eabi/lib/thumb/v7e-m/fpv4-sp/hard\libc_nano.a(lib_a-exit.o)
                              c:/st/stm32cubeide_1.0.2/stm32cubeide/plugins/com.st.stm32cube.ide.mcu.externaltools.gnu-tools-for-stm32.7-2018-q2-update.win32_1.0.0.201904181610/tools/bin/../lib/gcc/arm-none-eabi/7.3.1/../../../../arm-none-eabi/lib/thumb/v7e-m/fpv4-sp/hard/crt0.o (exit)
c:/st/stm32cubeide_1.0.2/stm32cubeide/plugins/com.st.stm32cube.ide.mcu.externaltools.gnu-tools-for-stm32.7-2018-q2-update.win32_1.0.0.201904181610/tools/bin/../lib/gcc/arm-none-eabi/7.3.1/../../../../arm-none-eabi/lib/thumb/v7e-m/fpv4-sp/hard\libc_nano.a(lib_a-impure.o)
                              c:/st/stm32cubeide_1.0.2/stm32cubeide/plugins/com.st.stm32cube.ide.mcu.externaltools.gnu-tools-for-stm32.7-2018-q2-update.win32_1.0.0.201904181610/tools/bin/../lib/gcc/arm-none-eabi/7.3.1/../../../../arm-none-eabi/lib/thumb/v7e-m/fpv4-sp/hard\libc_nano.a(lib_a-exit.o) (_global_impure_ptr)
c:/st/stm32cubeide_1.0.2/stm32cubeide/plugins/com.st.stm32cube.ide.mcu.externaltools.gnu-tools-for-stm32.7-2018-q2-update.win32_1.0.0.201904181610/tools/bin/../lib/gcc/arm-none-eabi/7.3.1/../../../../arm-none-eabi/lib/thumb/v7e-m/fpv4-sp/hard\libc_nano.a(lib_a-init.o)
                              c:/st/stm32cubeide_1.0.2/stm32cubeide/plugins/com.st.stm32cube.ide.mcu.externaltools.gnu-tools-for-stm32.7-2018-q2-update.win32_1.0.0.201904181610/tools/bin/../lib/gcc/arm-none-eabi/7.3.1/../../../../arm-none-eabi/lib/thumb/v7e-m/fpv4-sp/hard/crt0.o (__libc_init_array)
c:/st/stm32cubeide_1.0.2/stm32cubeide/plugins/com.st.stm32cube.ide.mcu.externaltools.gnu-tools-for-stm32.7-2018-q2-update.win32_1.0.0.201904181610/tools/bin/../lib/gcc/arm-none-eabi/7.3.1/../../../../arm-none-eabi/lib/thumb/v7e-m/fpv4-sp/hard\libc_nano.a(lib_a-memset.o)
                              c:/st/stm32cubeide_1.0.2/stm32cubeide/plugins/com.st.stm32cube.ide.mcu.externaltools.gnu-tools-for-stm32.7-2018-q2-update.win32_1.0.0.201904181610/tools/bin/../lib/gcc/arm-none-eabi/7.3.1/../../../../arm-none-eabi/lib/thumb/v7e-m/fpv4-sp/hard/crt0.o (memset)
c:/st/stm32cubeide_1.0.2/stm32cubeide/plugins/com.st.stm32cube.ide.mcu.externaltools.gnu-tools-for-stm32.7-2018-q2-update.win32_1.0.0.201904181610/tools/bin/../lib/gcc/arm-none-eabi/7.3.1/thumb/v7e-m/fpv4-sp/hard\libgcc.a(_aeabi_uldivmod.o)
                              Drivers/STM32WBxx_HAL_Driver/Src/stm32wbxx_hal_uart.o (__aeabi_uldivmod)
c:/st/stm32cubeide_1.0.2/stm32cubeide/plugins/com.st.stm32cube.ide.mcu.externaltools.gnu-tools-for-stm32.7-2018-q2-update.win32_1.0.0.201904181610/tools/bin/../lib/gcc/arm-none-eabi/7.3.1/thumb/v7e-m/fpv4-sp/hard\libgcc.a(_udivmoddi4.o)
                              c:/st/stm32cubeide_1.0.2/stm32cubeide/plugins/com.st.stm32cube.ide.mcu.externaltools.gnu-tools-for-stm32.7-2018-q2-update.win32_1.0.0.201904181610/tools/bin/../lib/gcc/arm-none-eabi/7.3.1/thumb/v7e-m/fpv4-sp/hard\libgcc.a(_aeabi_uldivmod.o) (__udivmoddi4)
c:/st/stm32cubeide_1.0.2/stm32cubeide/plugins/com.st.stm32cube.ide.mcu.externaltools.gnu-tools-for-stm32.7-2018-q2-update.win32_1.0.0.201904181610/tools/bin/../lib/gcc/arm-none-eabi/7.3.1/thumb/v7e-m/fpv4-sp/hard\libgcc.a(_dvmd_tls.o)
                              c:/st/stm32cubeide_1.0.2/stm32cubeide/plugins/com.st.stm32cube.ide.mcu.externaltools.gnu-tools-for-stm32.7-2018-q2-update.win32_1.0.0.201904181610/tools/bin/../lib/gcc/arm-none-eabi/7.3.1/thumb/v7e-m/fpv4-sp/hard\libgcc.a(_aeabi_uldivmod.o) (__aeabi_ldiv0)

Allocating common symbols
Common symbol       size              file

hspi2               0x64              Core/Src/main.o
uwTick              0x4               Drivers/STM32WBxx_HAL_Driver/Src/stm32wbxx_hal.o
huart1              0x8c              Core/Src/main.o
hdma_memtomem_dma1_channel1
                    0x60              Core/Src/main.o
hspi1               0x64              Core/Src/main.o
hpcd_USB_FS         0x274             Core/Src/main.o

Discarded input sections

 .text          0x0000000000000000        0x0 c:/st/stm32cubeide_1.0.2/stm32cubeide/plugins/com.st.stm32cube.ide.mcu.externaltools.gnu-tools-for-stm32.7-2018-q2-update.win32_1.0.0.201904181610/tools/bin/../lib/gcc/arm-none-eabi/7.3.1/thumb/v7e-m/fpv4-sp/hard/crti.o
[...]
Memory Configuration

Name             Origin             Length             Attributes
FLASH            0x0000000008000000 0x0000000000080000 xr
RAM1             0x0000000020000004 0x000000000002fffc xrw
RAM_SHARED       0x0000000020030000 0x0000000000002800 xrw
*default*        0x0000000000000000 0xffffffffffffffff

Linker script and memory map

LOAD c:/st/stm32cubeide_1.0.2/stm32cubeide/plugins/com.st.stm32cube.ide.mcu.externaltools.gnu-tools-for-stm32.7-2018-q2-update.win32_1.0.0.201904181610/tools/bin/../lib/gcc/arm-none-eabi/7.3.1/thumb/v7e-m/fpv4-sp/hard/crti.o
LOAD c:/st/stm32cubeide_1.0.2/stm32cubeide/plugins/com.st.stm32cube.ide.mcu.externaltools.gnu-tools-for-stm32.7-2018-q2-update.win32_1.0.0.201904181610/tools/bin/../lib/gcc/arm-none-eabi/7.3.1/thumb/v7e-m/fpv4-sp/hard/crtbegin.o
LOAD c:/st/stm32cubeide_1.0.2/stm32cubeide/plugins/com.st.stm32cube.ide.mcu.externaltools.gnu-tools-for-stm32.7-2018-q2-update.win32_1.0.0.201904181610/tools/bin/../lib/gcc/arm-none-eabi/7.3.1/../../../../arm-none-eabi/lib/thumb/v7e-m/fpv4-sp/hard/crt0.o
LOAD Core/Src/main.o
LOAD Core/Src/stm32wbxx_hal_msp.o
LOAD Core/Src/stm32wbxx_it.o
LOAD Core/Src/syscalls.o
LOAD Core/Src/sysmem.o
LOAD Core/Src/system_stm32wbxx.o
LOAD Core/Startup/startup_stm32wb55rgvx.o
LOAD Drivers/STM32WBxx_HAL_Driver/Src/stm32wbxx_hal.o
LOAD Drivers/STM32WBxx_HAL_Driver/Src/stm32wbxx_hal_cortex.o
LOAD Drivers/STM32WBxx_HAL_Driver/Src/stm32wbxx_hal_dma.o
LOAD Drivers/STM32WBxx_HAL_Driver/Src/stm32wbxx_hal_dma_ex.o
LOAD Drivers/STM32WBxx_HAL_Driver/Src/stm32wbxx_hal_exti.o
LOAD Drivers/STM32WBxx_HAL_Driver/Src/stm32wbxx_hal_flash.o
LOAD Drivers/STM32WBxx_HAL_Driver/Src/stm32wbxx_hal_flash_ex.o
LOAD Drivers/STM32WBxx_HAL_Driver/Src/stm32wbxx_hal_gpio.o
LOAD Drivers/STM32WBxx_HAL_Driver/Src/stm32wbxx_hal_hsem.o
LOAD Drivers/STM32WBxx_HAL_Driver/Src/stm32wbxx_hal_pcd.o
LOAD Drivers/STM32WBxx_HAL_Driver/Src/stm32wbxx_hal_pcd_ex.o
LOAD Drivers/STM32WBxx_HAL_Driver/Src/stm32wbxx_hal_pwr.o
LOAD Drivers/STM32WBxx_HAL_Driver/Src/stm32wbxx_hal_pwr_ex.o
LOAD Drivers/STM32WBxx_HAL_Driver/Src/stm32wbxx_hal_rcc.o
LOAD Drivers/STM32WBxx_HAL_Driver/Src/stm32wbxx_hal_rcc_ex.o
LOAD Drivers/STM32WBxx_HAL_Driver/Src/stm32wbxx_hal_spi.o
LOAD Drivers/STM32WBxx_HAL_Driver/Src/stm32wbxx_hal_spi_ex.o
LOAD Drivers/STM32WBxx_HAL_Driver/Src/stm32wbxx_hal_tim.o
LOAD Drivers/STM32WBxx_HAL_Driver/Src/stm32wbxx_hal_tim_ex.o
LOAD Drivers/STM32WBxx_HAL_Driver/Src/stm32wbxx_hal_uart.o
LOAD Drivers/STM32WBxx_HAL_Driver/Src/stm32wbxx_hal_uart_ex.o
LOAD Drivers/STM32WBxx_HAL_Driver/Src/stm32wbxx_ll_usb.o
START GROUP
LOAD c:/st/stm32cubeide_1.0.2/stm32cubeide/plugins/com.st.stm32cube.ide.mcu.externaltools.gnu-tools-for-stm32.7-2018-q2-update.win32_1.0.0.201904181610/tools/bin/../lib/gcc/arm-none-eabi/7.3.1/../../../../arm-none-eabi/lib/thumb/v7e-m/fpv4-sp/hard\libc_nano.a
LOAD c:/st/stm32cubeide_1.0.2/stm32cubeide/plugins/com.st.stm32cube.ide.mcu.externaltools.gnu-tools-for-stm32.7-2018-q2-update.win32_1.0.0.201904181610/tools/bin/../lib/gcc/arm-none-eabi/7.3.1/../../../../arm-none-eabi/lib/thumb/v7e-m/fpv4-sp/hard\libm.a
END GROUP
START GROUP
LOAD c:/st/stm32cubeide_1.0.2/stm32cubeide/plugins/com.st.stm32cube.ide.mcu.externaltools.gnu-tools-for-stm32.7-2018-q2-update.win32_1.0.0.201904181610/tools/bin/../lib/gcc/arm-none-eabi/7.3.1/thumb/v7e-m/fpv4-sp/hard\libgcc.a
LOAD c:/st/stm32cubeide_1.0.2/stm32cubeide/plugins/com.st.stm32cube.ide.mcu.externaltools.gnu-tools-for-stm32.7-2018-q2-update.win32_1.0.0.201904181610/tools/bin/../lib/gcc/arm-none-eabi/7.3.1/../../../../arm-none-eabi/lib/thumb/v7e-m/fpv4-sp/hard\libc_nano.a
END GROUP
START GROUP
LOAD c:/st/stm32cubeide_1.0.2/stm32cubeide/plugins/com.st.stm32cube.ide.mcu.externaltools.gnu-tools-for-stm32.7-2018-q2-update.win32_1.0.0.201904181610/tools/bin/../lib/gcc/arm-none-eabi/7.3.1/thumb/v7e-m/fpv4-sp/hard\libgcc.a
LOAD c:/st/stm32cubeide_1.0.2/stm32cubeide/plugins/com.st.stm32cube.ide.mcu.externaltools.gnu-tools-for-stm32.7-2018-q2-update.win32_1.0.0.201904181610/tools/bin/../lib/gcc/arm-none-eabi/7.3.1/../../../../arm-none-eabi/lib/thumb/v7e-m/fpv4-sp/hard\libc_nano.a
LOAD c:/st/stm32cubeide_1.0.2/stm32cubeide/plugins/com.st.stm32cube.ide.mcu.externaltools.gnu-tools-for-stm32.7-2018-q2-update.win32_1.0.0.201904181610/tools/bin/../lib/gcc/arm-none-eabi/7.3.1/../../../../arm-none-eabi/lib/thumb/v7e-m/fpv4-sp/hard\libnosys.a
END GROUP
START GROUP
LOAD c:/st/stm32cubeide_1.0.2/stm32cubeide/plugins/com.st.stm32cube.ide.mcu.externaltools.gnu-tools-for-stm32.7-2018-q2-update.win32_1.0.0.201904181610/tools/bin/../lib/gcc/arm-none-eabi/7.3.1/thumb/v7e-m/fpv4-sp/hard\libgcc.a
LOAD c:/st/stm32cubeide_1.0.2/stm32cubeide/plugins/com.st.stm32cube.ide.mcu.externaltools.gnu-tools-for-stm32.7-2018-q2-update.win32_1.0.0.201904181610/tools/bin/../lib/gcc/arm-none-eabi/7.3.1/../../../../arm-none-eabi/lib/thumb/v7e-m/fpv4-sp/hard\libc_nano.a
LOAD c:/st/stm32cubeide_1.0.2/stm32cubeide/plugins/com.st.stm32cube.ide.mcu.externaltools.gnu-tools-for-stm32.7-2018-q2-update.win32_1.0.0.201904181610/tools/bin/../lib/gcc/arm-none-eabi/7.3.1/../../../../arm-none-eabi/lib/thumb/v7e-m/fpv4-sp/hard\libnosys.a
END GROUP
LOAD c:/st/stm32cubeide_1.0.2/stm32cubeide/plugins/com.st.stm32cube.ide.mcu.externaltools.gnu-tools-for-stm32.7-2018-q2-update.win32_1.0.0.201904181610/tools/bin/../lib/gcc/arm-none-eabi/7.3.1/thumb/v7e-m/fpv4-sp/hard/crtend.o
LOAD c:/st/stm32cubeide_1.0.2/stm32cubeide/plugins/com.st.stm32cube.ide.mcu.externaltools.gnu-tools-for-stm32.7-2018-q2-update.win32_1.0.0.201904181610/tools/bin/../lib/gcc/arm-none-eabi/7.3.1/thumb/v7e-m/fpv4-sp/hard/crtn.o
                0x0000000020030000                _estack = 0x20030000
                0x0000000000000200                _Min_Heap_Size = 0x200
                0x0000000000000400                _Min_Stack_Size = 0x400

.isr_vector     0x0000000008000000      0x13c
                0x0000000008000000                . = ALIGN (0x4)
 *(.isr_vector)
 .isr_vector    0x0000000008000000      0x13c Core/Startup/startup_stm32wb55rgvx.o
                0x0000000008000000                g_pfnVectors
                0x000000000800013c                . = ALIGN (0x4)

.text           0x0000000008000140     0x5464
                0x0000000008000140                . = ALIGN (0x4)
 *(.text)
 .text          0x0000000008000140       0x40 c:/st/stm32cubeide_1.0.2/stm32cubeide/plugins/com.st.stm32cube.ide.mcu.externaltools.gnu-tools-for-stm32.7-2018-q2-update.win32_1.0.0.201904181610/tools/bin/../lib/gcc/arm-none-eabi/7.3.1/thumb/v7e-m/fpv4-sp/hard/crtbegin.o
 .text          0x0000000008000180       0x30 c:/st/stm32cubeide_1.0.2/stm32cubeide/plugins/com.st.stm32cube.ide.mcu.externaltools.gnu-tools-for-stm32.7-2018-q2-update.win32_1.0.0.201904181610/tools/bin/../lib/gcc/arm-none-eabi/7.3.1/thumb/v7e-m/fpv4-sp/hard\libgcc.a(_aeabi_uldivmod.o)
                0x0000000008000180                __aeabi_uldivmod
 .text          0x00000000080001b0      0x2cc c:/st/stm32cubeide_1.0.2/stm32cubeide/plugins/com.st.stm32cube.ide.mcu.externaltools.gnu-tools-for-stm32.7-2018-q2-update.win32_1.0.0.201904181610/tools/bin/../lib/gcc/arm-none-eabi/7.3.1/thumb/v7e-m/fpv4-sp/hard\libgcc.a(_udivmoddi4.o)
                0x00000000080001b0                __udivmoddi4
 .text          0x000000000800047c        0x4 c:/st/stm32cubeide_1.0.2/stm32cubeide/plugins/com.st.stm32cube.ide.mcu.externaltools.gnu-tools-for-stm32.7-2018-q2-update.win32_1.0.0.201904181610/tools/bin/../lib/gcc/arm-none-eabi/7.3.1/thumb/v7e-m/fpv4-sp/hard\libgcc.a(_dvmd_tls.o)
                0x000000000800047c                __aeabi_idiv0
                0x000000000800047c                __aeabi_ldiv0
 *(.text*)
 .text.LL_RCC_LSE_SetDriveCapability
                0x0000000008000480       0x2c Core/Src/main.o
 .text.LL_AHB1_GRP1_EnableClock
                0x00000000080004ac       0x32 Core/Src/main.o
 .text.LL_AHB2_GRP1_EnableClock
                0x00000000080004de       0x32 Core/Src/main.o
 .text.main     0x0000000008000510      0x33c Core/Src/main.o
                0x0000000008000510                main
 .text.SystemClock_Config
                0x000000000800084c      0x148 Core/Src/main.o
                0x000000000800084c                SystemClock_Config
 .text.MX_SPI1_Init
                0x0000000008000994       0x7c Core/Src/main.o
 .text.MX_SPI2_Init
                0x0000000008000a10       0x7c Core/Src/main.o
 .text.MX_USART1_UART_Init
                0x0000000008000a8c       0x98 Core/Src/main.o
 .text.MX_USB_PCD_Init
                0x0000000008000b24       0x50 Core/Src/main.o
 .text.MX_DMA_Init
                0x0000000008000b74       0x64 Core/Src/main.o
 .text.MX_GPIO_Init
                0x0000000008000bd8      0x128 Core/Src/main.o
 .text.Error_Handler
                0x0000000008000d00        0xe Core/Src/main.o
                0x0000000008000d00                Error_Handler
 .text.LL_AHB2_GRP1_EnableClock
                0x0000000008000d0e       0x32 Core/Src/stm32wbxx_hal_msp.o
 .text.LL_APB1_GRP1_EnableClock
                0x0000000008000d40       0x32 Core/Src/stm32wbxx_hal_msp.o
 .text.LL_APB2_GRP1_EnableClock
                0x0000000008000d72       0x32 Core/Src/stm32wbxx_hal_msp.o
 .text.HAL_MspInit
                0x0000000008000da4        0xe Core/Src/stm32wbxx_hal_msp.o
                0x0000000008000da4                HAL_MspInit
 *fill*         0x0000000008000db2        0x2 
 .text.HAL_SPI_MspInit
                0x0000000008000db4       0xec Core/Src/stm32wbxx_hal_msp.o
                0x0000000008000db4                HAL_SPI_MspInit
 .text.HAL_UART_MspInit
                0x0000000008000ea0       0x60 Core/Src/stm32wbxx_hal_msp.o
                0x0000000008000ea0                HAL_UART_MspInit
 .text.HAL_PCD_MspInit
                0x0000000008000f00       0x60 Core/Src/stm32wbxx_hal_msp.o
                0x0000000008000f00                HAL_PCD_MspInit
 .text.NMI_Handler
                0x0000000008000f60        0xe Core/Src/stm32wbxx_it.o
                0x0000000008000f60                NMI_Handler
 .text.HardFault_Handler
                0x0000000008000f6e        0x6 Core/Src/stm32wbxx_it.o
                0x0000000008000f6e                HardFault_Handler
 .text.MemManage_Handler
                0x0000000008000f74        0x6 Core/Src/stm32wbxx_it.o
                0x0000000008000f74                MemManage_Handler
 .text.BusFault_Handler
                0x0000000008000f7a        0x6 Core/Src/stm32wbxx_it.o
                0x0000000008000f7a                BusFault_Handler
 .text.UsageFault_Handler
                0x0000000008000f80        0x6 Core/Src/stm32wbxx_it.o
                0x0000000008000f80                UsageFault_Handler
 .text.SVC_Handler
                0x0000000008000f86        0xe Core/Src/stm32wbxx_it.o
                0x0000000008000f86                SVC_Handler
 .text.DebugMon_Handler
                0x0000000008000f94        0xe Core/Src/stm32wbxx_it.o
                0x0000000008000f94                DebugMon_Handler
 .text.PendSV_Handler
                0x0000000008000fa2        0xe Core/Src/stm32wbxx_it.o
                0x0000000008000fa2                PendSV_Handler
 .text.SysTick_Handler
                0x0000000008000fb0        0xc Core/Src/stm32wbxx_it.o
                0x0000000008000fb0                SysTick_Handler
 .text.SystemInit
                0x0000000008000fbc       0xac Core/Src/system_stm32wbxx.o
                0x0000000008000fbc                SystemInit
 .text.SystemCoreClockUpdate
                0x0000000008001068      0x144 Core/Src/system_stm32wbxx.o
                0x0000000008001068                SystemCoreClockUpdate
 .text.data_initializers
                0x00000000080011ac       0x18 Core/Startup/startup_stm32wb55rgvx.o
 .text.Reset_Handler
                0x00000000080011c4       0x54 Core/Startup/startup_stm32wb55rgvx.o
                0x00000000080011c4                Reset_Handler
 .text.Default_Handler
                0x0000000008001218        0x2 Core/Startup/startup_stm32wb55rgvx.o
                0x0000000008001218                RTC_Alarm_IRQHandler
                0x0000000008001218                EXTI2_IRQHandler
                0x0000000008001218                TIM1_CC_IRQHandler
                0x0000000008001218                TSC_IRQHandler
                0x0000000008001218                USB_HP_IRQHandler
                0x0000000008001218                EXTI3_IRQHandler
                0x0000000008001218                LPTIM2_IRQHandler
                0x0000000008001218                I2C3_ER_IRQHandler
                0x0000000008001218                EXTI0_IRQHandler
                0x0000000008001218                FPU_IRQHandler
                0x0000000008001218                TIM1_UP_TIM16_IRQHandler
                0x0000000008001218                AES1_IRQHandler
                0x0000000008001218                SPI1_IRQHandler
                0x0000000008001218                PWR_SOTF_BLEACT_802ACT_RFPHASE_IRQHandler
                0x0000000008001218                DMA2_Channel2_IRQHandler
                0x0000000008001218                DMA1_Channel4_IRQHandler
                0x0000000008001218                ADC1_IRQHandler
                0x0000000008001218                PKA_IRQHandler
                0x0000000008001218                DMA1_Channel7_IRQHandler
                0x0000000008001218                LCD_IRQHandler
                0x0000000008001218                IPCC_C1_TX_IRQHandler
                0x0000000008001218                DMA2_Channel1_IRQHandler
                0x0000000008001218                QUADSPI_IRQHandler
                0x0000000008001218                I2C1_EV_IRQHandler
                0x0000000008001218                DMAMUX1_OVR_IRQHandler
                0x0000000008001218                DMA1_Channel6_IRQHandler
                0x0000000008001218                DMA2_Channel4_IRQHandler
                0x0000000008001218                RCC_IRQHandler
                0x0000000008001218                DMA1_Channel1_IRQHandler
                0x0000000008001218                Default_Handler
                0x0000000008001218                DMA2_Channel7_IRQHandler
                0x0000000008001218                EXTI15_10_IRQHandler
                0x0000000008001218                IPCC_C1_RX_IRQHandler
                0x0000000008001218                C2SEV_PWR_C2H_IRQHandler
                0x0000000008001218                AES2_IRQHandler
                0x0000000008001218                I2C3_EV_IRQHandler
                0x0000000008001218                EXTI9_5_IRQHandler
                0x0000000008001218                RTC_WKUP_IRQHandler
                0x0000000008001218                PVD_PVM_IRQHandler
                0x0000000008001218                SPI2_IRQHandler
                0x0000000008001218                DMA2_Channel5_IRQHandler
                0x0000000008001218                CRS_IRQHandler
                0x0000000008001218                DMA1_Channel5_IRQHandler
                0x0000000008001218                USB_LP_IRQHandler
                0x0000000008001218                EXTI4_IRQHandler
                0x0000000008001218                RNG_IRQHandler
                0x0000000008001218                TIM1_TRG_COM_TIM17_IRQHandler
                0x0000000008001218                TAMP_STAMP_LSECSS_IRQHandler
                0x0000000008001218                DMA1_Channel3_IRQHandler
                0x0000000008001218                COMP_IRQHandler
                0x0000000008001218                HSEM_IRQHandler
                0x0000000008001218                WWDG_IRQHandler
                0x0000000008001218                LPUART1_IRQHandler
                0x0000000008001218                DMA2_Channel6_IRQHandler
                0x0000000008001218                TIM2_IRQHandler
                0x0000000008001218                TIM1_BRK_IRQHandler
                0x0000000008001218                EXTI1_IRQHandler
                0x0000000008001218                DMA1_Channel2_IRQHandler
                0x0000000008001218                FLASH_IRQHandler
                0x0000000008001218                USART1_IRQHandler
                0x0000000008001218                I2C1_ER_IRQHandler
                0x0000000008001218                LPTIM1_IRQHandler
                0x0000000008001218                SAI1_IRQHandler
                0x0000000008001218                DMA2_Channel3_IRQHandler
 *fill*         0x000000000800121a        0x2 
 .text.HAL_Init
                0x000000000800121c       0x40 Drivers/STM32WBxx_HAL_Driver/Src/stm32wbxx_hal.o
                0x000000000800121c                HAL_Init
 .text.HAL_InitTick
                0x000000000800125c       0x74 Drivers/STM32WBxx_HAL_Driver/Src/stm32wbxx_hal.o
                0x000000000800125c                HAL_InitTick
 .text.HAL_IncTick
                0x00000000080012d0       0x24 Drivers/STM32WBxx_HAL_Driver/Src/stm32wbxx_hal.o
                0x00000000080012d0                HAL_IncTick
 .text.HAL_GetTick
                0x00000000080012f4       0x18 Drivers/STM32WBxx_HAL_Driver/Src/stm32wbxx_hal.o
                0x00000000080012f4                HAL_GetTick
 .text.HAL_GetTickPrio
                0x000000000800130c       0x18 Drivers/STM32WBxx_HAL_Driver/Src/stm32wbxx_hal.o
                0x000000000800130c                HAL_GetTickPrio
 .text.__NVIC_SetPriorityGrouping
                0x0000000008001324       0x48 Drivers/STM32WBxx_HAL_Driver/Src/stm32wbxx_hal_cortex.o
 .text.__NVIC_GetPriorityGrouping
                0x000000000800136c       0x1c Drivers/STM32WBxx_HAL_Driver/Src/stm32wbxx_hal_cortex.o
 .text.__NVIC_SetPriority
                0x0000000008001388       0x54 Drivers/STM32WBxx_HAL_Driver/Src/stm32wbxx_hal_cortex.o
 .text.NVIC_EncodePriority
                0x00000000080013dc       0x66 Drivers/STM32WBxx_HAL_Driver/Src/stm32wbxx_hal_cortex.o
 *fill*         0x0000000008001442        0x2 
 .text.SysTick_Config
                0x0000000008001444       0x44 Drivers/STM32WBxx_HAL_Driver/Src/stm32wbxx_hal_cortex.o
 .text.HAL_NVIC_SetPriorityGrouping
                0x0000000008001488       0x16 Drivers/STM32WBxx_HAL_Driver/Src/stm32wbxx_hal_cortex.o
                0x0000000008001488                HAL_NVIC_SetPriorityGrouping
 .text.HAL_NVIC_SetPriority
                0x000000000800149e       0x34 Drivers/STM32WBxx_HAL_Driver/Src/stm32wbxx_hal_cortex.o
                0x000000000800149e                HAL_NVIC_SetPriority
 .text.HAL_SYSTICK_Config
                0x00000000080014d2       0x18 Drivers/STM32WBxx_HAL_Driver/Src/stm32wbxx_hal_cortex.o
                0x00000000080014d2                HAL_SYSTICK_Config
 *fill*         0x00000000080014ea        0x2 
 .text.HAL_DMA_Init
                0x00000000080014ec      0x150 Drivers/STM32WBxx_HAL_Driver/Src/stm32wbxx_hal_dma.o
                0x00000000080014ec                HAL_DMA_Init
 .text.DMA_CalcDMAMUXChannelBaseAndMask
                0x000000000800163c       0x7c Drivers/STM32WBxx_HAL_Driver/Src/stm32wbxx_hal_dma.o
 .text.DMA_CalcDMAMUXRequestGenBaseAndMask
                0x00000000080016b8       0x48 Drivers/STM32WBxx_HAL_Driver/Src/stm32wbxx_hal_dma.o
 .text.HAL_GPIO_Init
                0x0000000008001700      0x2e0 Drivers/STM32WBxx_HAL_Driver/Src/stm32wbxx_hal_gpio.o
                0x0000000008001700                HAL_GPIO_Init
 .text.HAL_GPIO_WritePin
                0x00000000080019e0       0x30 Drivers/STM32WBxx_HAL_Driver/Src/stm32wbxx_hal_gpio.o
                0x00000000080019e0                HAL_GPIO_WritePin
 .text.HAL_PCD_Init
                0x0000000008001a10      0x176 Drivers/STM32WBxx_HAL_Driver/Src/stm32wbxx_hal_pcd.o
                0x0000000008001a10                HAL_PCD_Init
 .text.HAL_PCDEx_ActivateLPM
                0x0000000008001b86       0x54 Drivers/STM32WBxx_HAL_Driver/Src/stm32wbxx_hal_pcd_ex.o
                0x0000000008001b86                HAL_PCDEx_ActivateLPM
 *fill*         0x0000000008001bda        0x2 
 .text.HAL_PWR_EnableBkUpAccess
                0x0000000008001bdc       0x20 Drivers/STM32WBxx_HAL_Driver/Src/stm32wbxx_hal_pwr.o
                0x0000000008001bdc                HAL_PWR_EnableBkUpAccess
 .text.HAL_PWREx_GetVoltageRange
                0x0000000008001bfc       0x1c Drivers/STM32WBxx_HAL_Driver/Src/stm32wbxx_hal_pwr_ex.o
                0x0000000008001bfc                HAL_PWREx_GetVoltageRange
 .text.LL_RCC_HSE_IsEnabledDiv2
                0x0000000008001c18       0x24 Drivers/STM32WBxx_HAL_Driver/Src/stm32wbxx_hal_rcc.o
 .text.LL_RCC_HSE_EnableBypass
                0x0000000008001c3c       0x1e Drivers/STM32WBxx_HAL_Driver/Src/stm32wbxx_hal_rcc.o
 .text.LL_RCC_HSE_DisableBypass
                0x0000000008001c5a       0x1e Drivers/STM32WBxx_HAL_Driver/Src/stm32wbxx_hal_rcc.o
 .text.LL_RCC_HSE_Enable
                0x0000000008001c78       0x1e Drivers/STM32WBxx_HAL_Driver/Src/stm32wbxx_hal_rcc.o
 .text.LL_RCC_HSE_Disable
                0x0000000008001c96       0x1e Drivers/STM32WBxx_HAL_Driver/Src/stm32wbxx_hal_rcc.o
 .text.LL_RCC_HSE_IsReady
                0x0000000008001cb4       0x24 Drivers/STM32WBxx_HAL_Driver/Src/stm32wbxx_hal_rcc.o
 .text.LL_RCC_HSI_Enable
                0x0000000008001cd8       0x1e Drivers/STM32WBxx_HAL_Driver/Src/stm32wbxx_hal_rcc.o
 .text.LL_RCC_HSI_Disable
                0x0000000008001cf6       0x1e Drivers/STM32WBxx_HAL_Driver/Src/stm32wbxx_hal_rcc.o
 .text.LL_RCC_HSI_IsReady
                0x0000000008001d14       0x24 Drivers/STM32WBxx_HAL_Driver/Src/stm32wbxx_hal_rcc.o
 .text.LL_RCC_HSI_SetCalibTrimming
                0x0000000008001d38       0x2a Drivers/STM32WBxx_HAL_Driver/Src/stm32wbxx_hal_rcc.o
 .text.LL_RCC_HSI48_Enable
                0x0000000008001d62       0x22 Drivers/STM32WBxx_HAL_Driver/Src/stm32wbxx_hal_rcc.o
 .text.LL_RCC_HSI48_Disable
                0x0000000008001d84       0x22 Drivers/STM32WBxx_HAL_Driver/Src/stm32wbxx_hal_rcc.o
 .text.LL_RCC_HSI48_IsReady
                0x0000000008001da6       0x24 Drivers/STM32WBxx_HAL_Driver/Src/stm32wbxx_hal_rcc.o
 .text.LL_RCC_LSE_Enable
                0x0000000008001dca       0x22 Drivers/STM32WBxx_HAL_Driver/Src/stm32wbxx_hal_rcc.o
 .text.LL_RCC_LSE_Disable
                0x0000000008001dec       0x22 Drivers/STM32WBxx_HAL_Driver/Src/stm32wbxx_hal_rcc.o
 .text.LL_RCC_LSE_EnableBypass
                0x0000000008001e0e       0x22 Drivers/STM32WBxx_HAL_Driver/Src/stm32wbxx_hal_rcc.o
 .text.LL_RCC_LSE_DisableBypass
                0x0000000008001e30       0x22 Drivers/STM32WBxx_HAL_Driver/Src/stm32wbxx_hal_rcc.o
 .text.LL_RCC_LSE_IsReady
                0x0000000008001e52       0x24 Drivers/STM32WBxx_HAL_Driver/Src/stm32wbxx_hal_rcc.o
 .text.LL_RCC_LSI1_Enable
                0x0000000008001e76       0x22 Drivers/STM32WBxx_HAL_Driver/Src/stm32wbxx_hal_rcc.o
 .text.LL_RCC_LSI1_Disable
                0x0000000008001e98       0x22 Drivers/STM32WBxx_HAL_Driver/Src/stm32wbxx_hal_rcc.o
 .text.LL_RCC_LSI1_IsReady
                0x0000000008001eba       0x24 Drivers/STM32WBxx_HAL_Driver/Src/stm32wbxx_hal_rcc.o
 .text.LL_RCC_LSI2_Enable
                0x0000000008001ede       0x22 Drivers/STM32WBxx_HAL_Driver/Src/stm32wbxx_hal_rcc.o
 .text.LL_RCC_LSI2_Disable
                0x0000000008001f00       0x22 Drivers/STM32WBxx_HAL_Driver/Src/stm32wbxx_hal_rcc.o
 .text.LL_RCC_LSI2_IsReady
                0x0000000008001f22       0x24 Drivers/STM32WBxx_HAL_Driver/Src/stm32wbxx_hal_rcc.o
 .text.LL_RCC_LSI2_SetTrimming
                0x0000000008001f46       0x2e Drivers/STM32WBxx_HAL_Driver/Src/stm32wbxx_hal_rcc.o
 .text.LL_RCC_MSI_Enable
                0x0000000008001f74       0x1e Drivers/STM32WBxx_HAL_Driver/Src/stm32wbxx_hal_rcc.o
 .text.LL_RCC_MSI_Disable
                0x0000000008001f92       0x1e Drivers/STM32WBxx_HAL_Driver/Src/stm32wbxx_hal_rcc.o
 .text.LL_RCC_MSI_IsReady
                0x0000000008001fb0       0x22 Drivers/STM32WBxx_HAL_Driver/Src/stm32wbxx_hal_rcc.o
 .text.LL_RCC_MSI_SetRange
                0x0000000008001fd2       0x28 Drivers/STM32WBxx_HAL_Driver/Src/stm32wbxx_hal_rcc.o
 .text.LL_RCC_MSI_GetRange
                0x0000000008001ffa       0x2a Drivers/STM32WBxx_HAL_Driver/Src/stm32wbxx_hal_rcc.o
 .text.LL_RCC_MSI_SetCalibTrimming
                0x0000000008002024       0x2a Drivers/STM32WBxx_HAL_Driver/Src/stm32wbxx_hal_rcc.o
 .text.LL_RCC_SetSysClkSource
                0x000000000800204e       0x28 Drivers/STM32WBxx_HAL_Driver/Src/stm32wbxx_hal_rcc.o
 .text.LL_RCC_GetSysClkSource
                0x0000000008002076       0x18 Drivers/STM32WBxx_HAL_Driver/Src/stm32wbxx_hal_rcc.o
 .text.LL_RCC_SetAHBPrescaler
                0x000000000800208e       0x28 Drivers/STM32WBxx_HAL_Driver/Src/stm32wbxx_hal_rcc.o
 .text.LL_C2_RCC_SetAHBPrescaler
                0x00000000080020b6       0x2c Drivers/STM32WBxx_HAL_Driver/Src/stm32wbxx_hal_rcc.o
 .text.LL_RCC_SetAHB4Prescaler
                0x00000000080020e2       0x2e Drivers/STM32WBxx_HAL_Driver/Src/stm32wbxx_hal_rcc.o
 .text.LL_RCC_SetAPB1Prescaler
                0x0000000008002110       0x28 Drivers/STM32WBxx_HAL_Driver/Src/stm32wbxx_hal_rcc.o
 .text.LL_RCC_SetAPB2Prescaler
                0x0000000008002138       0x28 Drivers/STM32WBxx_HAL_Driver/Src/stm32wbxx_hal_rcc.o
 .text.LL_RCC_GetAHBPrescaler
                0x0000000008002160       0x18 Drivers/STM32WBxx_HAL_Driver/Src/stm32wbxx_hal_rcc.o
 .text.LL_RCC_GetAHB4Prescaler
                0x0000000008002178       0x1c Drivers/STM32WBxx_HAL_Driver/Src/stm32wbxx_hal_rcc.o
 .text.LL_RCC_GetAPB1Prescaler
                0x0000000008002194       0x18 Drivers/STM32WBxx_HAL_Driver/Src/stm32wbxx_hal_rcc.o
 .text.LL_RCC_GetAPB2Prescaler
                0x00000000080021ac       0x18 Drivers/STM32WBxx_HAL_Driver/Src/stm32wbxx_hal_rcc.o
 .text.LL_RCC_PLL_Enable
                0x00000000080021c4       0x1e Drivers/STM32WBxx_HAL_Driver/Src/stm32wbxx_hal_rcc.o
 .text.LL_RCC_PLL_Disable
                0x00000000080021e2       0x1e Drivers/STM32WBxx_HAL_Driver/Src/stm32wbxx_hal_rcc.o
 .text.LL_RCC_PLL_IsReady
                0x0000000008002200       0x24 Drivers/STM32WBxx_HAL_Driver/Src/stm32wbxx_hal_rcc.o
 .text.LL_RCC_PLL_GetN
                0x0000000008002224       0x1a Drivers/STM32WBxx_HAL_Driver/Src/stm32wbxx_hal_rcc.o
 .text.LL_RCC_PLL_GetR
                0x000000000800223e       0x18 Drivers/STM32WBxx_HAL_Driver/Src/stm32wbxx_hal_rcc.o
 .text.LL_RCC_PLL_GetDivider
                0x0000000008002256       0x18 Drivers/STM32WBxx_HAL_Driver/Src/stm32wbxx_hal_rcc.o
 .text.LL_RCC_PLL_GetMainSource
                0x000000000800226e       0x18 Drivers/STM32WBxx_HAL_Driver/Src/stm32wbxx_hal_rcc.o
 .text.LL_RCC_IsActiveFlag_HPRE
                0x0000000008002286       0x24 Drivers/STM32WBxx_HAL_Driver/Src/stm32wbxx_hal_rcc.o
 .text.LL_RCC_IsActiveFlag_C2HPRE
                0x00000000080022aa       0x26 Drivers/STM32WBxx_HAL_Driver/Src/stm32wbxx_hal_rcc.o
 .text.LL_RCC_IsActiveFlag_SHDHPRE
                0x00000000080022d0       0x26 Drivers/STM32WBxx_HAL_Driver/Src/stm32wbxx_hal_rcc.o
 .text.LL_RCC_IsActiveFlag_PPRE1
                0x00000000080022f6       0x24 Drivers/STM32WBxx_HAL_Driver/Src/stm32wbxx_hal_rcc.o
 .text.LL_RCC_IsActiveFlag_PPRE2
                0x000000000800231a       0x24 Drivers/STM32WBxx_HAL_Driver/Src/stm32wbxx_hal_rcc.o
 *fill*         0x000000000800233e        0x2 
 .text.HAL_RCC_OscConfig
                0x0000000008002340      0x6bc Drivers/STM32WBxx_HAL_Driver/Src/stm32wbxx_hal_rcc.o
                0x0000000008002340                HAL_RCC_OscConfig
 .text.HAL_RCC_ClockConfig
                0x00000000080029fc      0x278 Drivers/STM32WBxx_HAL_Driver/Src/stm32wbxx_hal_rcc.o
                0x00000000080029fc                HAL_RCC_ClockConfig
 .text.HAL_RCC_GetSysClockFreq
                0x0000000008002c74       0xd4 Drivers/STM32WBxx_HAL_Driver/Src/stm32wbxx_hal_rcc.o
                0x0000000008002c74                HAL_RCC_GetSysClockFreq
 .text.HAL_RCC_GetHCLKFreq
                0x0000000008002d48       0x28 Drivers/STM32WBxx_HAL_Driver/Src/stm32wbxx_hal_rcc.o
                0x0000000008002d48                HAL_RCC_GetHCLKFreq
 .text.HAL_RCC_GetPCLK1Freq
                0x0000000008002d70       0x2c Drivers/STM32WBxx_HAL_Driver/Src/stm32wbxx_hal_rcc.o
                0x0000000008002d70                HAL_RCC_GetPCLK1Freq
 .text.HAL_RCC_GetPCLK2Freq
                0x0000000008002d9c       0x2c Drivers/STM32WBxx_HAL_Driver/Src/stm32wbxx_hal_rcc.o
                0x0000000008002d9c                HAL_RCC_GetPCLK2Freq
 .text.RCC_SetFlashLatencyFromMSIRange
                0x0000000008002dc8       0x70 Drivers/STM32WBxx_HAL_Driver/Src/stm32wbxx_hal_rcc.o
 .text.RCC_SetFlashLatency
                0x0000000008002e38      0x100 Drivers/STM32WBxx_HAL_Driver/Src/stm32wbxx_hal_rcc.o
 .text.LL_RCC_LSE_IsEnabled
                0x0000000008002f38       0x24 Drivers/STM32WBxx_HAL_Driver/Src/stm32wbxx_hal_rcc_ex.o
 .text.LL_RCC_LSE_IsReady
                0x0000000008002f5c       0x24 Drivers/STM32WBxx_HAL_Driver/Src/stm32wbxx_hal_rcc_ex.o
 .text.LL_RCC_MSI_EnablePLLMode
                0x0000000008002f80       0x1e Drivers/STM32WBxx_HAL_Driver/Src/stm32wbxx_hal_rcc_ex.o
 .text.LL_RCC_SetRFWKPClockSource
                0x0000000008002f9e       0x2c Drivers/STM32WBxx_HAL_Driver/Src/stm32wbxx_hal_rcc_ex.o
 .text.LL_RCC_SetSMPSClockSource
                0x0000000008002fca       0x28 Drivers/STM32WBxx_HAL_Driver/Src/stm32wbxx_hal_rcc_ex.o
 .text.LL_RCC_SetSMPSPrescaler
                0x0000000008002ff2       0x28 Drivers/STM32WBxx_HAL_Driver/Src/stm32wbxx_hal_rcc_ex.o
 .text.LL_RCC_SetUSARTClockSource
                0x000000000800301a       0x2c Drivers/STM32WBxx_HAL_Driver/Src/stm32wbxx_hal_rcc_ex.o
 .text.LL_RCC_SetLPUARTClockSource
                0x0000000008003046       0x2c Drivers/STM32WBxx_HAL_Driver/Src/stm32wbxx_hal_rcc_ex.o
 .text.LL_RCC_SetI2CClockSource
                0x0000000008003072       0x3a Drivers/STM32WBxx_HAL_Driver/Src/stm32wbxx_hal_rcc_ex.o
 .text.LL_RCC_SetLPTIMClockSource
                0x00000000080030ac       0x34 Drivers/STM32WBxx_HAL_Driver/Src/stm32wbxx_hal_rcc_ex.o
 .text.LL_RCC_SetSAIClockSource
                0x00000000080030e0       0x2c Drivers/STM32WBxx_HAL_Driver/Src/stm32wbxx_hal_rcc_ex.o
 .text.LL_RCC_SetRNGClockSource
                0x000000000800310c       0x2c Drivers/STM32WBxx_HAL_Driver/Src/stm32wbxx_hal_rcc_ex.o
 .text.LL_RCC_SetCLK48ClockSource
                0x0000000008003138       0x2c Drivers/STM32WBxx_HAL_Driver/Src/stm32wbxx_hal_rcc_ex.o
 .text.LL_RCC_SetUSBClockSource
                0x0000000008003164       0x16 Drivers/STM32WBxx_HAL_Driver/Src/stm32wbxx_hal_rcc_ex.o
 .text.LL_RCC_SetADCClockSource
                0x000000000800317a       0x2c Drivers/STM32WBxx_HAL_Driver/Src/stm32wbxx_hal_rcc_ex.o
 .text.LL_RCC_SetRTCClockSource
                0x00000000080031a6       0x2c Drivers/STM32WBxx_HAL_Driver/Src/stm32wbxx_hal_rcc_ex.o
 .text.LL_RCC_GetRTCClockSource
                0x00000000080031d2       0x1a Drivers/STM32WBxx_HAL_Driver/Src/stm32wbxx_hal_rcc_ex.o
 .text.LL_RCC_ForceBackupDomainReset
                0x00000000080031ec       0x22 Drivers/STM32WBxx_HAL_Driver/Src/stm32wbxx_hal_rcc_ex.o
 .text.LL_RCC_ReleaseBackupDomainReset
                0x000000000800320e       0x22 Drivers/STM32WBxx_HAL_Driver/Src/stm32wbxx_hal_rcc_ex.o
 .text.LL_RCC_PLLSAI1_Enable
                0x0000000008003230       0x1e Drivers/STM32WBxx_HAL_Driver/Src/stm32wbxx_hal_rcc_ex.o
 .text.LL_RCC_PLLSAI1_Disable
                0x000000000800324e       0x1e Drivers/STM32WBxx_HAL_Driver/Src/stm32wbxx_hal_rcc_ex.o
 .text.LL_RCC_PLLSAI1_IsReady
                0x000000000800326c       0x24 Drivers/STM32WBxx_HAL_Driver/Src/stm32wbxx_hal_rcc_ex.o
 .text.HAL_RCCEx_PeriphCLKConfig
                0x0000000008003290      0x2ea Drivers/STM32WBxx_HAL_Driver/Src/stm32wbxx_hal_rcc_ex.o
                0x0000000008003290                HAL_RCCEx_PeriphCLKConfig
 .text.HAL_RCCEx_EnableMSIPLLMode
                0x000000000800357a        0xc Drivers/STM32WBxx_HAL_Driver/Src/stm32wbxx_hal_rcc_ex.o
                0x000000000800357a                HAL_RCCEx_EnableMSIPLLMode
 .text.RCCEx_PLLSAI1_ConfigNP
                0x0000000008003586       0xb6 Drivers/STM32WBxx_HAL_Driver/Src/stm32wbxx_hal_rcc_ex.o
 .text.RCCEx_PLLSAI1_ConfigNQ
                0x000000000800363c       0xb6 Drivers/STM32WBxx_HAL_Driver/Src/stm32wbxx_hal_rcc_ex.o
 .text.RCCEx_PLLSAI1_ConfigNR
                0x00000000080036f2       0xb6 Drivers/STM32WBxx_HAL_Driver/Src/stm32wbxx_hal_rcc_ex.o
 .text.HAL_SPI_Init
                0x00000000080037a8      0x114 Drivers/STM32WBxx_HAL_Driver/Src/stm32wbxx_hal_spi.o
                0x00000000080037a8                HAL_SPI_Init
 .text.HAL_SPI_Transmit
                0x00000000080038bc      0x2cc Drivers/STM32WBxx_HAL_Driver/Src/stm32wbxx_hal_spi.o
                0x00000000080038bc                HAL_SPI_Transmit
 .text.SPI_WaitFlagStateUntilTimeout
                0x0000000008003b88       0xd4 Drivers/STM32WBxx_HAL_Driver/Src/stm32wbxx_hal_spi.o
 .text.SPI_WaitFifoStateUntilTimeout
                0x0000000008003c5c       0xda Drivers/STM32WBxx_HAL_Driver/Src/stm32wbxx_hal_spi.o
 .text.SPI_EndRxTxTransaction
                0x0000000008003d36       0x8c Drivers/STM32WBxx_HAL_Driver/Src/stm32wbxx_hal_spi.o
 .text.LL_RCC_GetUSARTClockSource
                0x0000000008003dc2       0x20 Drivers/STM32WBxx_HAL_Driver/Src/stm32wbxx_hal_uart.o
 .text.LL_RCC_GetLPUARTClockSource
                0x0000000008003de2       0x20 Drivers/STM32WBxx_HAL_Driver/Src/stm32wbxx_hal_uart.o
 .text.HAL_UART_Init
                0x0000000008003e02       0xa0 Drivers/STM32WBxx_HAL_Driver/Src/stm32wbxx_hal_uart.o
                0x0000000008003e02                HAL_UART_Init
 *fill*         0x0000000008003ea2        0x6 
 .text.UART_SetConfig
                0x0000000008003ea8     0x10c8 Drivers/STM32WBxx_HAL_Driver/Src/stm32wbxx_hal_uart.o
                0x0000000008003ea8                UART_SetConfig
 .text.UART_AdvFeatureConfig
                0x0000000008004f70      0x144 Drivers/STM32WBxx_HAL_Driver/Src/stm32wbxx_hal_uart.o
                0x0000000008004f70                UART_AdvFeatureConfig
 .text.UART_CheckIdleState
                0x00000000080050b4       0x90 Drivers/STM32WBxx_HAL_Driver/Src/stm32wbxx_hal_uart.o
                0x00000000080050b4                UART_CheckIdleState
 .text.UART_WaitOnFlagUntilTimeout
                0x0000000008005144      0x100 Drivers/STM32WBxx_HAL_Driver/Src/stm32wbxx_hal_uart.o
                0x0000000008005144                UART_WaitOnFlagUntilTimeout
 .text.HAL_UARTEx_DisableFifoMode
                0x0000000008005244       0x72 Drivers/STM32WBxx_HAL_Driver/Src/stm32wbxx_hal_uart_ex.o
                0x0000000008005244                HAL_UARTEx_DisableFifoMode
 .text.HAL_UARTEx_SetTxFifoThreshold
                0x00000000080052b6       0x7c Drivers/STM32WBxx_HAL_Driver/Src/stm32wbxx_hal_uart_ex.o
                0x00000000080052b6                HAL_UARTEx_SetTxFifoThreshold
 .text.HAL_UARTEx_SetRxFifoThreshold
                0x0000000008005332       0x7c Drivers/STM32WBxx_HAL_Driver/Src/stm32wbxx_hal_uart_ex.o
                0x0000000008005332                HAL_UARTEx_SetRxFifoThreshold
 *fill*         0x00000000080053ae        0x2 
 .text.UARTEx_SetNbDataToProcess
                0x00000000080053b0       0xd0 Drivers/STM32WBxx_HAL_Driver/Src/stm32wbxx_hal_uart_ex.o
 .text.USB_EnableGlobalInt
                0x0000000008005480       0x30 Drivers/STM32WBxx_HAL_Driver/Src/stm32wbxx_ll_usb.o
                0x0000000008005480                USB_EnableGlobalInt
 .text.USB_DisableGlobalInt
                0x00000000080054b0       0x3a Drivers/STM32WBxx_HAL_Driver/Src/stm32wbxx_ll_usb.o
                0x00000000080054b0                USB_DisableGlobalInt
 .text.USB_DevInit
                0x00000000080054ea       0x48 Drivers/STM32WBxx_HAL_Driver/Src/stm32wbxx_ll_usb.o
                0x00000000080054ea                USB_DevInit
 *fill*         0x0000000008005532        0x2 
 .text.__libc_init_array
                0x0000000008005534       0x48 c:/st/stm32cubeide_1.0.2/stm32cubeide/plugins/com.st.stm32cube.ide.mcu.externaltools.gnu-tools-for-stm32.7-2018-q2-update.win32_1.0.0.201904181610/tools/bin/../lib/gcc/arm-none-eabi/7.3.1/../../../../arm-none-eabi/lib/thumb/v7e-m/fpv4-sp/hard\libc_nano.a(lib_a-init.o)
                0x0000000008005534                __libc_init_array
 .text.memset   0x000000000800557c       0x10 c:/st/stm32cubeide_1.0.2/stm32cubeide/plugins/com.st.stm32cube.ide.mcu.externaltools.gnu-tools-for-stm32.7-2018-q2-update.win32_1.0.0.201904181610/tools/bin/../lib/gcc/arm-none-eabi/7.3.1/../../../../arm-none-eabi/lib/thumb/v7e-m/fpv4-sp/hard\libc_nano.a(lib_a-memset.o)
                0x000000000800557c                memset
 *(.glue_7)
 .glue_7        0x000000000800558c        0x0 linker stubs
 *(.glue_7t)
 .glue_7t       0x000000000800558c        0x0 linker stubs
 *(.eh_frame)
 .eh_frame      0x000000000800558c        0x0 c:/st/stm32cubeide_1.0.2/stm32cubeide/plugins/com.st.stm32cube.ide.mcu.externaltools.gnu-tools-for-stm32.7-2018-q2-update.win32_1.0.0.201904181610/tools/bin/../lib/gcc/arm-none-eabi/7.3.1/thumb/v7e-m/fpv4-sp/hard/crtbegin.o
 *(.init)
 .init          0x000000000800558c        0x4 c:/st/stm32cubeide_1.0.2/stm32cubeide/plugins/com.st.stm32cube.ide.mcu.externaltools.gnu-tools-for-stm32.7-2018-q2-update.win32_1.0.0.201904181610/tools/bin/../lib/gcc/arm-none-eabi/7.3.1/thumb/v7e-m/fpv4-sp/hard/crti.o
                0x000000000800558c                _init
 .init          0x0000000008005590        0x8 c:/st/stm32cubeide_1.0.2/stm32cubeide/plugins/com.st.stm32cube.ide.mcu.externaltools.gnu-tools-for-stm32.7-2018-q2-update.win32_1.0.0.201904181610/tools/bin/../lib/gcc/arm-none-eabi/7.3.1/thumb/v7e-m/fpv4-sp/hard/crtn.o
 *(.fini)
 .fini          0x0000000008005598        0x4 c:/st/stm32cubeide_1.0.2/stm32cubeide/plugins/com.st.stm32cube.ide.mcu.externaltools.gnu-tools-for-stm32.7-2018-q2-update.win32_1.0.0.201904181610/tools/bin/../lib/gcc/arm-none-eabi/7.3.1/thumb/v7e-m/fpv4-sp/hard/crti.o
                0x0000000008005598                _fini
 .fini          0x000000000800559c        0x8 c:/st/stm32cubeide_1.0.2/stm32cubeide/plugins/com.st.stm32cube.ide.mcu.externaltools.gnu-tools-for-stm32.7-2018-q2-update.win32_1.0.0.201904181610/tools/bin/../lib/gcc/arm-none-eabi/7.3.1/thumb/v7e-m/fpv4-sp/hard/crtn.o
                0x00000000080055a4                . = ALIGN (0x4)
                0x00000000080055a4                _etext = .

.vfp11_veneer   0x00000000080055a4        0x0
 .vfp11_veneer  0x00000000080055a4        0x0 linker stubs

.v4_bx          0x00000000080055a4        0x0
 .v4_bx         0x00000000080055a4        0x0 linker stubs

.iplt           0x00000000080055a4        0x0
 .iplt          0x00000000080055a4        0x0 c:/st/stm32cubeide_1.0.2/stm32cubeide/plugins/com.st.stm32cube.ide.mcu.externaltools.gnu-tools-for-stm32.7-2018-q2-update.win32_1.0.0.201904181610/tools/bin/../lib/gcc/arm-none-eabi/7.3.1/thumb/v7e-m/fpv4-sp/hard/crtbegin.o

.rodata         0x00000000080055a4    0x54724
                0x00000000080055a4                . = ALIGN (0x4)
 *(.rodata)
 .rodata        0x00000000080055a4       0x2c Drivers/STM32WBxx_HAL_Driver/Src/stm32wbxx_hal_rcc.o
 .rodata        0x00000000080055d0       0x10 Drivers/STM32WBxx_HAL_Driver/Src/stm32wbxx_hal_uart_ex.o
 *(.rodata*)
 .rodata.framesN
                0x00000000080055e0       0x18 Core/Src/main.o
                0x00000000080055e0                framesN
 .rodata.frameMod
                0x00000000080055f8       0x18 Core/Src/main.o
                0x00000000080055f8                frameMod
 .rodata.repeat
                0x0000000008005610       0x18 Core/Src/main.o
                0x0000000008005610                repeat
 .rodata.image  0x0000000008005628    0x54600 Core/Src/main.o
                0x0000000008005628                image
 .rodata.AHBPrescTable
                0x0000000008059c28       0x40 Core/Src/system_stm32wbxx.o
                0x0000000008059c28                AHBPrescTable
 .rodata.APBPrescTable
                0x0000000008059c68       0x20 Core/Src/system_stm32wbxx.o
                0x0000000008059c68                APBPrescTable
 .rodata.MSIRangeTable
                0x0000000008059c88       0x40 Core/Src/system_stm32wbxx.o
                0x0000000008059c88                MSIRangeTable
                0x0000000008059cc8                . = ALIGN (0x4)

.ARM.extab
 *(.ARM.extab* .gnu.linkonce.armextab.*)

.ARM            0x0000000008059cc8        0x8
                0x0000000008059cc8                __exidx_start = .
 *(.ARM.exidx*)
 .ARM.exidx     0x0000000008059cc8        0x8 c:/st/stm32cubeide_1.0.2/stm32cubeide/plugins/com.st.stm32cube.ide.mcu.externaltools.gnu-tools-for-stm32.7-2018-q2-update.win32_1.0.0.201904181610/tools/bin/../lib/gcc/arm-none-eabi/7.3.1/thumb/v7e-m/fpv4-sp/hard\libgcc.a(_udivmoddi4.o)
                0x0000000008059cd0                __exidx_end = .

.rel.dyn        0x0000000008059cd0        0x0
 .rel.iplt      0x0000000008059cd0        0x0 c:/st/stm32cubeide_1.0.2/stm32cubeide/plugins/com.st.stm32cube.ide.mcu.externaltools.gnu-tools-for-stm32.7-2018-q2-update.win32_1.0.0.201904181610/tools/bin/../lib/gcc/arm-none-eabi/7.3.1/thumb/v7e-m/fpv4-sp/hard/crtbegin.o

.preinit_array  0x0000000008059cd0        0x0
                0x0000000008059cd0                PROVIDE (__preinit_array_start = .)
 *(.preinit_array*)
                0x0000000008059cd0                PROVIDE (__preinit_array_end = .)

.init_array     0x0000000008059cd0        0x4
                0x0000000008059cd0                PROVIDE (__init_array_start = .)
 *(SORT_BY_NAME(.init_array.*))
 *(.init_array*)
 .init_array    0x0000000008059cd0        0x4 c:/st/stm32cubeide_1.0.2/stm32cubeide/plugins/com.st.stm32cube.ide.mcu.externaltools.gnu-tools-for-stm32.7-2018-q2-update.win32_1.0.0.201904181610/tools/bin/../lib/gcc/arm-none-eabi/7.3.1/thumb/v7e-m/fpv4-sp/hard/crtbegin.o
                0x0000000008059cd4                PROVIDE (__init_array_end = .)

.fini_array     0x0000000008059cd4        0x4
                [!provide]                        PROVIDE (__fini_array_start = .)
 *(SORT_BY_NAME(.fini_array.*))
 *(.fini_array*)
 .fini_array    0x0000000008059cd4        0x4 c:/st/stm32cubeide_1.0.2/stm32cubeide/plugins/com.st.stm32cube.ide.mcu.externaltools.gnu-tools-for-stm32.7-2018-q2-update.win32_1.0.0.201904181610/tools/bin/../lib/gcc/arm-none-eabi/7.3.1/thumb/v7e-m/fpv4-sp/hard/crtbegin.o
                [!provide]                        PROVIDE (__fini_array_end = .)
                0x0000000008059cd8                _sidata = LOADADDR (.data)

.data           0x0000000020000004        0xc load address 0x0000000008059cd8
                0x0000000020000004                . = ALIGN (0x4)
                0x0000000020000004                _sdata = .
 *(.data)
 *(.data*)
 .data.SystemCoreClock
                0x0000000020000004        0x4 Core/Src/system_stm32wbxx.o
                0x0000000020000004                SystemCoreClock
 .data.uwTickPrio
                0x0000000020000008        0x4 Drivers/STM32WBxx_HAL_Driver/Src/stm32wbxx_hal.o
                0x0000000020000008                uwTickPrio
 .data.uwTickFreq
                0x000000002000000c        0x4 Drivers/STM32WBxx_HAL_Driver/Src/stm32wbxx_hal.o
                0x000000002000000c                uwTickFreq
                0x0000000020000010                . = ALIGN (0x4)
                0x0000000020000010                _edata = .

.igot.plt       0x0000000020000010        0x0 load address 0x0000000008059ce4
 .igot.plt      0x0000000020000010        0x0 c:/st/stm32cubeide_1.0.2/stm32cubeide/plugins/com.st.stm32cube.ide.mcu.externaltools.gnu-tools-for-stm32.7-2018-q2-update.win32_1.0.0.201904181610/tools/bin/../lib/gcc/arm-none-eabi/7.3.1/thumb/v7e-m/fpv4-sp/hard/crtbegin.o
                0x0000000020000010                . = ALIGN (0x4)

.bss            0x0000000020000010      0x448 load address 0x0000000008059ce4
                0x0000000020000010                _sbss = .
                0x0000000020000010                __bss_start__ = _sbss
 *(.bss)
 .bss           0x0000000020000010       0x1c c:/st/stm32cubeide_1.0.2/stm32cubeide/plugins/com.st.stm32cube.ide.mcu.externaltools.gnu-tools-for-stm32.7-2018-q2-update.win32_1.0.0.201904181610/tools/bin/../lib/gcc/arm-none-eabi/7.3.1/thumb/v7e-m/fpv4-sp/hard/crtbegin.o
 *(.bss*)
 *(COMMON)
 COMMON         0x000000002000002c      0x428 Core/Src/main.o
                0x000000002000002c                hspi2
                0x0000000020000090                huart1
                0x000000002000011c                hdma_memtomem_dma1_channel1
                0x000000002000017c                hspi1
                0x00000000200001e0                hpcd_USB_FS
 COMMON         0x0000000020000454        0x4 Drivers/STM32WBxx_HAL_Driver/Src/stm32wbxx_hal.o
                0x0000000020000454                uwTick
                0x0000000020000458                . = ALIGN (0x4)
                0x0000000020000458                _ebss = .
                0x0000000020000458                __bss_end__ = _ebss

._user_heap_stack
                0x0000000020000458      0x600 load address 0x0000000008059ce4
                0x0000000020000458                . = ALIGN (0x8)
                0x0000000020000458                PROVIDE (end = .)
                [!provide]                        PROVIDE (_end = .)
                0x0000000020000658                . = (. + _Min_Heap_Size)
 *fill*         0x0000000020000458      0x200 
                0x0000000020000a58                . = (. + _Min_Stack_Size)
 *fill*         0x0000000020000658      0x400 
                0x0000000020000a58                . = ALIGN (0x8)

/DISCARD/
 libc.a(*)
 libm.a(*)
 libgcc.a(*)

.ARM.attributes
                0x0000000000000000       0x30
 *(.ARM.attributes)
 .ARM.attributes
                0x0000000000000000       0x22 c:/st/stm32cubeide_1.0.2/stm32cubeide/plugins/com.st.stm32cube.ide.mcu.externaltools.gnu-tools-for-stm32.7-2018-q2-update.win32_1.0.0.201904181610/tools/bin/../lib/gcc/arm-none-eabi/7.3.1/thumb/v7e-m/fpv4-sp/hard/crti.o
 .ARM.attributes
                0x0000000000000022       0x34 c:/st/stm32cubeide_1.0.2/stm32cubeide/plugins/com.st.stm32cube.ide.mcu.externaltools.gnu-tools-for-stm32.7-2018-q2-update.win32_1.0.0.201904181610/tools/bin/../lib/gcc/arm-none-eabi/7.3.1/thumb/v7e-m/fpv4-sp/hard/crtbegin.o
 .ARM.attributes
                0x0000000000000056       0x39 Core/Src/main.o
 .ARM.attributes
                0x000000000000008f       0x39 Core/Src/stm32wbxx_hal_msp.o
 .ARM.attributes
                0x00000000000000c8       0x39 Core/Src/stm32wbxx_it.o
 .ARM.attributes
                0x0000000000000101       0x39 Core/Src/system_stm32wbxx.o
 .ARM.attributes
                0x000000000000013a       0x21 Core/Startup/startup_stm32wb55rgvx.o
 .ARM.attributes
                0x000000000000015b       0x39 Drivers/STM32WBxx_HAL_Driver/Src/stm32wbxx_hal.o
 .ARM.attributes
                0x0000000000000194       0x39 Drivers/STM32WBxx_HAL_Driver/Src/stm32wbxx_hal_cortex.o
 .ARM.attributes
                0x00000000000001cd       0x39 Drivers/STM32WBxx_HAL_Driver/Src/stm32wbxx_hal_dma.o
 .ARM.attributes
                0x0000000000000206       0x39 Drivers/STM32WBxx_HAL_Driver/Src/stm32wbxx_hal_gpio.o
 .ARM.attributes
                0x000000000000023f       0x39 Drivers/STM32WBxx_HAL_Driver/Src/stm32wbxx_hal_pcd.o
 .ARM.attributes
                0x0000000000000278       0x39 Drivers/STM32WBxx_HAL_Driver/Src/stm32wbxx_hal_pcd_ex.o
 .ARM.attributes
                0x00000000000002b1       0x39 Drivers/STM32WBxx_HAL_Driver/Src/stm32wbxx_hal_pwr.o
 .ARM.attributes
                0x00000000000002ea       0x39 Drivers/STM32WBxx_HAL_Driver/Src/stm32wbxx_hal_pwr_ex.o
 .ARM.attributes
                0x0000000000000323       0x39 Drivers/STM32WBxx_HAL_Driver/Src/stm32wbxx_hal_rcc.o
 .ARM.attributes
                0x000000000000035c       0x39 Drivers/STM32WBxx_HAL_Driver/Src/stm32wbxx_hal_rcc_ex.o
 .ARM.attributes
                0x0000000000000395       0x39 Drivers/STM32WBxx_HAL_Driver/Src/stm32wbxx_hal_spi.o
 .ARM.attributes
                0x00000000000003ce       0x39 Drivers/STM32WBxx_HAL_Driver/Src/stm32wbxx_hal_uart.o
 .ARM.attributes
                0x0000000000000407       0x39 Drivers/STM32WBxx_HAL_Driver/Src/stm32wbxx_hal_uart_ex.o
 .ARM.attributes
                0x0000000000000440       0x39 Drivers/STM32WBxx_HAL_Driver/Src/stm32wbxx_ll_usb.o
 .ARM.attributes
                0x0000000000000479       0x34 c:/st/stm32cubeide_1.0.2/stm32cubeide/plugins/com.st.stm32cube.ide.mcu.externaltools.gnu-tools-for-stm32.7-2018-q2-update.win32_1.0.0.201904181610/tools/bin/../lib/gcc/arm-none-eabi/7.3.1/../../../../arm-none-eabi/lib/thumb/v7e-m/fpv4-sp/hard\libc_nano.a(lib_a-init.o)
 .ARM.attributes
                0x00000000000004ad       0x34 c:/st/stm32cubeide_1.0.2/stm32cubeide/plugins/com.st.stm32cube.ide.mcu.externaltools.gnu-tools-for-stm32.7-2018-q2-update.win32_1.0.0.201904181610/tools/bin/../lib/gcc/arm-none-eabi/7.3.1/../../../../arm-none-eabi/lib/thumb/v7e-m/fpv4-sp/hard\libc_nano.a(lib_a-memset.o)
 .ARM.attributes
                0x00000000000004e1       0x22 c:/st/stm32cubeide_1.0.2/stm32cubeide/plugins/com.st.stm32cube.ide.mcu.externaltools.gnu-tools-for-stm32.7-2018-q2-update.win32_1.0.0.201904181610/tools/bin/../lib/gcc/arm-none-eabi/7.3.1/thumb/v7e-m/fpv4-sp/hard\libgcc.a(_aeabi_uldivmod.o)
 .ARM.attributes
                0x0000000000000503       0x34 c:/st/stm32cubeide_1.0.2/stm32cubeide/plugins/com.st.stm32cube.ide.mcu.externaltools.gnu-tools-for-stm32.7-2018-q2-update.win32_1.0.0.201904181610/tools/bin/../lib/gcc/arm-none-eabi/7.3.1/thumb/v7e-m/fpv4-sp/hard\libgcc.a(_udivmoddi4.o)
 .ARM.attributes
                0x0000000000000537       0x22 c:/st/stm32cubeide_1.0.2/stm32cubeide/plugins/com.st.stm32cube.ide.mcu.externaltools.gnu-tools-for-stm32.7-2018-q2-update.win32_1.0.0.201904181610/tools/bin/../lib/gcc/arm-none-eabi/7.3.1/thumb/v7e-m/fpv4-sp/hard\libgcc.a(_dvmd_tls.o)
 .ARM.attributes
                0x0000000000000559       0x22 c:/st/stm32cubeide_1.0.2/stm32cubeide/plugins/com.st.stm32cube.ide.mcu.externaltools.gnu-tools-for-stm32.7-2018-q2-update.win32_1.0.0.201904181610/tools/bin/../lib/gcc/arm-none-eabi/7.3.1/thumb/v7e-m/fpv4-sp/hard/crtn.o

MAPPING_TABLE
 *(MAPPING_TABLE)

MB_MEM1
 *(MB_MEM1)

MB_MEM2         0x0000000020030000        0x0
                0x0000000020030000                _sMB_MEM2 = .
 *(MB_MEM2)
                0x0000000020030000                _eMB_MEM2 = .
OUTPUT(GradCap.elf elf32-littlearm)

.debug_info     0x0000000000000000    0x1268f
 .debug_info    0x0000000000000000     0x1ac6 Core/Src/main.o
 .debug_info    0x0000000000001ac6     0x1549 Core/Src/stm32wbxx_hal_msp.o
 .debug_info    0x000000000000300f      0x284 Core/Src/stm32wbxx_it.o
 .debug_info    0x0000000000003293      0x7b4 Core/Src/system_stm32wbxx.o
 .debug_info    0x0000000000003a47       0x22 Core/Startup/startup_stm32wb55rgvx.o
 .debug_info    0x0000000000003a69     0x12f3 Drivers/STM32WBxx_HAL_Driver/Src/stm32wbxx_hal.o
 .debug_info    0x0000000000004d5c      0xde3 Drivers/STM32WBxx_HAL_Driver/Src/stm32wbxx_hal_cortex.o
 .debug_info    0x0000000000005b3f      0x978 Drivers/STM32WBxx_HAL_Driver/Src/stm32wbxx_hal_dma.o
 .debug_info    0x00000000000064b7      0x7d5 Drivers/STM32WBxx_HAL_Driver/Src/stm32wbxx_hal_gpio.o
 .debug_info    0x0000000000006c8c      0xef6 Drivers/STM32WBxx_HAL_Driver/Src/stm32wbxx_hal_pcd.o
 .debug_info    0x0000000000007b82      0x90f Drivers/STM32WBxx_HAL_Driver/Src/stm32wbxx_hal_pcd_ex.o
 .debug_info    0x0000000000008491      0x9db Drivers/STM32WBxx_HAL_Driver/Src/stm32wbxx_hal_pwr.o
 .debug_info    0x0000000000008e6c     0x112d Drivers/STM32WBxx_HAL_Driver/Src/stm32wbxx_hal_pwr_ex.o
 .debug_info    0x0000000000009f99     0x1548 Drivers/STM32WBxx_HAL_Driver/Src/stm32wbxx_hal_rcc.o
 .debug_info    0x000000000000b4e1     0x1c98 Drivers/STM32WBxx_HAL_Driver/Src/stm32wbxx_hal_rcc_ex.o
 .debug_info    0x000000000000d179     0x1797 Drivers/STM32WBxx_HAL_Driver/Src/stm32wbxx_hal_spi.o
 .debug_info    0x000000000000e910     0x1b95 Drivers/STM32WBxx_HAL_Driver/Src/stm32wbxx_hal_uart.o
 .debug_info    0x00000000000104a5      0xc2e Drivers/STM32WBxx_HAL_Driver/Src/stm32wbxx_hal_uart_ex.o
 .debug_info    0x00000000000110d3     0x15bc Drivers/STM32WBxx_HAL_Driver/Src/stm32wbxx_ll_usb.o

.debug_abbrev   0x0000000000000000     0x26e8
 .debug_abbrev  0x0000000000000000      0x269 Core/Src/main.o
 .debug_abbrev  0x0000000000000269      0x216 Core/Src/stm32wbxx_hal_msp.o
 .debug_abbrev  0x000000000000047f       0xe2 Core/Src/stm32wbxx_it.o
 .debug_abbrev  0x0000000000000561      0x163 Core/Src/system_stm32wbxx.o
 .debug_abbrev  0x00000000000006c4       0x12 Core/Startup/startup_stm32wb55rgvx.o
 .debug_abbrev  0x00000000000006d6      0x2df Drivers/STM32WBxx_HAL_Driver/Src/stm32wbxx_hal.o
 .debug_abbrev  0x00000000000009b5      0x2f1 Drivers/STM32WBxx_HAL_Driver/Src/stm32wbxx_hal_cortex.o
 .debug_abbrev  0x0000000000000ca6      0x1d9 Drivers/STM32WBxx_HAL_Driver/Src/stm32wbxx_hal_dma.o
 .debug_abbrev  0x0000000000000e7f      0x1d3 Drivers/STM32WBxx_HAL_Driver/Src/stm32wbxx_hal_gpio.o
 .debug_abbrev  0x0000000000001052      0x27d Drivers/STM32WBxx_HAL_Driver/Src/stm32wbxx_hal_pcd.o
 .debug_abbrev  0x00000000000012cf      0x1eb Drivers/STM32WBxx_HAL_Driver/Src/stm32wbxx_hal_pcd_ex.o
 .debug_abbrev  0x00000000000014ba      0x1b9 Drivers/STM32WBxx_HAL_Driver/Src/stm32wbxx_hal_pwr.o
 .debug_abbrev  0x0000000000001673      0x2d6 Drivers/STM32WBxx_HAL_Driver/Src/stm32wbxx_hal_pwr_ex.o
 .debug_abbrev  0x0000000000001949      0x24a Drivers/STM32WBxx_HAL_Driver/Src/stm32wbxx_hal_rcc.o
 .debug_abbrev  0x0000000000001b93      0x2d9 Drivers/STM32WBxx_HAL_Driver/Src/stm32wbxx_hal_rcc_ex.o
 .debug_abbrev  0x0000000000001e6c      0x228 Drivers/STM32WBxx_HAL_Driver/Src/stm32wbxx_hal_spi.o
 .debug_abbrev  0x0000000000002094      0x239 Drivers/STM32WBxx_HAL_Driver/Src/stm32wbxx_hal_uart.o
 .debug_abbrev  0x00000000000022cd      0x1e2 Drivers/STM32WBxx_HAL_Driver/Src/stm32wbxx_hal_uart_ex.o
 .debug_abbrev  0x00000000000024af      0x239 Drivers/STM32WBxx_HAL_Driver/Src/stm32wbxx_ll_usb.o

.debug_aranges  0x0000000000000000     0x16b8
 .debug_aranges
                0x0000000000000000       0x78 Core/Src/main.o
 .debug_aranges
                0x0000000000000078       0x78 Core/Src/stm32wbxx_hal_msp.o
 .debug_aranges
                0x00000000000000f0       0x60 Core/Src/stm32wbxx_it.o
 .debug_aranges
                0x0000000000000150       0x28 Core/Src/system_stm32wbxx.o
 .debug_aranges
                0x0000000000000178       0x30 Core/Startup/startup_stm32wb55rgvx.o
 .debug_aranges
                0x00000000000001a8      0x280 Drivers/STM32WBxx_HAL_Driver/Src/stm32wbxx_hal.o
 .debug_aranges
                0x0000000000000428      0x108 Drivers/STM32WBxx_HAL_Driver/Src/stm32wbxx_hal_cortex.o
 .debug_aranges
                0x0000000000000530       0x90 Drivers/STM32WBxx_HAL_Driver/Src/stm32wbxx_hal_dma.o
 .debug_aranges
                0x00000000000005c0       0x58 Drivers/STM32WBxx_HAL_Driver/Src/stm32wbxx_hal_gpio.o
 .debug_aranges
                0x0000000000000618      0x120 Drivers/STM32WBxx_HAL_Driver/Src/stm32wbxx_hal_pcd.o
 .debug_aranges
                0x0000000000000738       0x58 Drivers/STM32WBxx_HAL_Driver/Src/stm32wbxx_hal_pcd_ex.o
 .debug_aranges
                0x0000000000000790       0xd0 Drivers/STM32WBxx_HAL_Driver/Src/stm32wbxx_hal_pwr.o
 .debug_aranges
                0x0000000000000860      0x288 Drivers/STM32WBxx_HAL_Driver/Src/stm32wbxx_hal_pwr_ex.o
 .debug_aranges
                0x0000000000000ae8      0x298 Drivers/STM32WBxx_HAL_Driver/Src/stm32wbxx_hal_rcc.o
 .debug_aranges
                0x0000000000000d80      0x390 Drivers/STM32WBxx_HAL_Driver/Src/stm32wbxx_hal_rcc_ex.o
 .debug_aranges
                0x0000000000001110      0x1d8 Drivers/STM32WBxx_HAL_Driver/Src/stm32wbxx_hal_spi.o
 .debug_aranges
                0x00000000000012e8      0x240 Drivers/STM32WBxx_HAL_Driver/Src/stm32wbxx_hal_uart.o
 .debug_aranges
                0x0000000000001528       0x88 Drivers/STM32WBxx_HAL_Driver/Src/stm32wbxx_hal_uart_ex.o
 .debug_aranges
                0x00000000000015b0      0x108 Drivers/STM32WBxx_HAL_Driver/Src/stm32wbxx_ll_usb.o

.debug_ranges   0x0000000000000000     0x1590
 .debug_ranges  0x0000000000000000       0x68 Core/Src/main.o
 .debug_ranges  0x0000000000000068       0x68 Core/Src/stm32wbxx_hal_msp.o
 .debug_ranges  0x00000000000000d0       0x50 Core/Src/stm32wbxx_it.o
 .debug_ranges  0x0000000000000120       0x18 Core/Src/system_stm32wbxx.o
 .debug_ranges  0x0000000000000138       0x28 Core/Startup/startup_stm32wb55rgvx.o
 .debug_ranges  0x0000000000000160      0x270 Drivers/STM32WBxx_HAL_Driver/Src/stm32wbxx_hal.o
 .debug_ranges  0x00000000000003d0       0xf8 Drivers/STM32WBxx_HAL_Driver/Src/stm32wbxx_hal_cortex.o
 .debug_ranges  0x00000000000004c8       0x80 Drivers/STM32WBxx_HAL_Driver/Src/stm32wbxx_hal_dma.o
 .debug_ranges  0x0000000000000548       0x48 Drivers/STM32WBxx_HAL_Driver/Src/stm32wbxx_hal_gpio.o
 .debug_ranges  0x0000000000000590      0x110 Drivers/STM32WBxx_HAL_Driver/Src/stm32wbxx_hal_pcd.o
 .debug_ranges  0x00000000000006a0       0x48 Drivers/STM32WBxx_HAL_Driver/Src/stm32wbxx_hal_pcd_ex.o
 .debug_ranges  0x00000000000006e8       0xc0 Drivers/STM32WBxx_HAL_Driver/Src/stm32wbxx_hal_pwr.o
 .debug_ranges  0x00000000000007a8      0x278 Drivers/STM32WBxx_HAL_Driver/Src/stm32wbxx_hal_pwr_ex.o
 .debug_ranges  0x0000000000000a20      0x288 Drivers/STM32WBxx_HAL_Driver/Src/stm32wbxx_hal_rcc.o
 .debug_ranges  0x0000000000000ca8      0x380 Drivers/STM32WBxx_HAL_Driver/Src/stm32wbxx_hal_rcc_ex.o
 .debug_ranges  0x0000000000001028      0x1c8 Drivers/STM32WBxx_HAL_Driver/Src/stm32wbxx_hal_spi.o
 .debug_ranges  0x00000000000011f0      0x230 Drivers/STM32WBxx_HAL_Driver/Src/stm32wbxx_hal_uart.o
 .debug_ranges  0x0000000000001420       0x78 Drivers/STM32WBxx_HAL_Driver/Src/stm32wbxx_hal_uart_ex.o
 .debug_ranges  0x0000000000001498       0xf8 Drivers/STM32WBxx_HAL_Driver/Src/stm32wbxx_ll_usb.o

.debug_macro    0x0000000000000000    0x2170d
 .debug_macro   0x0000000000000000      0x260 Core/Src/main.o
 .debug_macro   0x0000000000000260      0xa5a Core/Src/main.o
 .debug_macro   0x0000000000000cba      0x136 Core/Src/main.o
 .debug_macro   0x0000000000000df0       0x2e Core/Src/main.o
 .debug_macro   0x0000000000000e1e       0x2e Core/Src/main.o
 .debug_macro   0x0000000000000e4c       0x22 Core/Src/main.o
 .debug_macro   0x0000000000000e6e       0x8e Core/Src/main.o
 .debug_macro   0x0000000000000efc       0x51 Core/Src/main.o
 .debug_macro   0x0000000000000f4d       0xef Core/Src/main.o
 .debug_macro   0x000000000000103c       0x6a Core/Src/main.o
 .debug_macro   0x00000000000010a6      0x1df Core/Src/main.o
 .debug_macro   0x0000000000001285       0x1c Core/Src/main.o
 .debug_macro   0x00000000000012a1       0x22 Core/Src/main.o
 .debug_macro   0x00000000000012c3       0xdf Core/Src/main.o
 .debug_macro   0x00000000000013a2     0x102d Core/Src/main.o
 .debug_macro   0x00000000000023cf      0x11f Core/Src/main.o
 .debug_macro   0x00000000000024ee    0x12ad4 Core/Src/main.o
 .debug_macro   0x0000000000014fc2       0x42 Core/Src/main.o
 .debug_macro   0x0000000000015004     0x345a Core/Src/main.o
 .debug_macro   0x000000000001845e      0x174 Core/Src/main.o
 .debug_macro   0x00000000000185d2       0x5a Core/Src/main.o
 .debug_macro   0x000000000001862c      0x3f5 Core/Src/main.o
 .debug_macro   0x0000000000018a21      0x286 Core/Src/main.o
 .debug_macro   0x0000000000018ca7      0x30d Core/Src/main.o
 .debug_macro   0x0000000000018fb4      0x17e Core/Src/main.o
 .debug_macro   0x0000000000019132       0x43 Core/Src/main.o
 .debug_macro   0x0000000000019175      0x236 Core/Src/main.o
 .debug_macro   0x00000000000193ab      0x23c Core/Src/main.o
 .debug_macro   0x00000000000195e7      0x582 Core/Src/main.o
 .debug_macro   0x0000000000019b69       0x1c Core/Src/main.o
 .debug_macro   0x0000000000019b85      0x100 Core/Src/main.o
 .debug_macro   0x0000000000019c85      0x137 Core/Src/main.o
 .debug_macro   0x0000000000019dbc      0x1fb Core/Src/main.o
 .debug_macro   0x0000000000019fb7       0x65 Core/Src/main.o
 .debug_macro   0x000000000001a01c      0x234 Core/Src/main.o
 .debug_macro   0x000000000001a250      0x380 Core/Src/main.o
 .debug_macro   0x000000000001a5d0      0x13b Core/Src/main.o
 .debug_macro   0x000000000001a70b      0x140 Core/Src/main.o
 .debug_macro   0x000000000001a84b      0x4d6 Core/Src/main.o
 .debug_macro   0x000000000001ad21      0x87b Core/Src/main.o
 .debug_macro   0x000000000001b59c      0x259 Core/Src/main.o
 .debug_macro   0x000000000001b7f5     0x1b28 Core/Src/main.o
 .debug_macro   0x000000000001d31d       0xe4 Core/Src/main.o
 .debug_macro   0x000000000001d401      0x5e1 Core/Src/main.o
 .debug_macro   0x000000000001d9e2      0x2fe Core/Src/main.o
 .debug_macro   0x000000000001dce0      0x662 Core/Src/main.o
 .debug_macro   0x000000000001e342       0xa6 Core/Src/main.o
 .debug_macro   0x000000000001e3e8      0x545 Core/Src/main.o
 .debug_macro   0x000000000001e92d      0x444 Core/Src/main.o
 .debug_macro   0x000000000001ed71       0xa0 Core/Src/main.o
 .debug_macro   0x000000000001ee11      0x256 Core/Src/stm32wbxx_hal_msp.o
 .debug_macro   0x000000000001f067      0x260 Core/Src/stm32wbxx_it.o
 .debug_macro   0x000000000001f2c7      0x254 Core/Src/system_stm32wbxx.o
 .debug_macro   0x000000000001f51b      0x26b Drivers/STM32WBxx_HAL_Driver/Src/stm32wbxx_hal.o
 .debug_macro   0x000000000001f786      0x247 Drivers/STM32WBxx_HAL_Driver/Src/stm32wbxx_hal_cortex.o
 .debug_macro   0x000000000001f9cd      0x247 Drivers/STM32WBxx_HAL_Driver/Src/stm32wbxx_hal_dma.o
 .debug_macro   0x000000000001fc14      0x27f Drivers/STM32WBxx_HAL_Driver/Src/stm32wbxx_hal_gpio.o
 .debug_macro   0x000000000001fe93      0x253 Drivers/STM32WBxx_HAL_Driver/Src/stm32wbxx_hal_pcd.o
 .debug_macro   0x00000000000200e6      0x247 Drivers/STM32WBxx_HAL_Driver/Src/stm32wbxx_hal_pcd_ex.o
 .debug_macro   0x000000000002032d      0x2b9 Drivers/STM32WBxx_HAL_Driver/Src/stm32wbxx_hal_pwr.o
 .debug_macro   0x00000000000205e6      0x259 Drivers/STM32WBxx_HAL_Driver/Src/stm32wbxx_hal_pwr_ex.o
 .debug_macro   0x000000000002083f      0x2d7 Drivers/STM32WBxx_HAL_Driver/Src/stm32wbxx_hal_rcc.o
 .debug_macro   0x0000000000020b16      0x29c Drivers/STM32WBxx_HAL_Driver/Src/stm32wbxx_hal_rcc_ex.o
 .debug_macro   0x0000000000020db2      0x24f Drivers/STM32WBxx_HAL_Driver/Src/stm32wbxx_hal_spi.o
 .debug_macro   0x0000000000021001      0x272 Drivers/STM32WBxx_HAL_Driver/Src/stm32wbxx_hal_uart.o
 .debug_macro   0x0000000000021273      0x253 Drivers/STM32WBxx_HAL_Driver/Src/stm32wbxx_hal_uart_ex.o
 .debug_macro   0x00000000000214c6      0x247 Drivers/STM32WBxx_HAL_Driver/Src/stm32wbxx_ll_usb.o

.debug_line     0x0000000000000000     0xe69f
 .debug_line    0x0000000000000000      0x984 Core/Src/main.o
 .debug_line    0x0000000000000984      0x8d8 Core/Src/stm32wbxx_hal_msp.o
 .debug_line    0x000000000000125c      0x85d Core/Src/stm32wbxx_it.o
 .debug_line    0x0000000000001ab9      0x7e0 Core/Src/system_stm32wbxx.o
 .debug_line    0x0000000000002299       0x91 Core/Startup/startup_stm32wb55rgvx.o
 .debug_line    0x000000000000232a      0xdec Drivers/STM32WBxx_HAL_Driver/Src/stm32wbxx_hal.o
 .debug_line    0x0000000000003116      0xab9 Drivers/STM32WBxx_HAL_Driver/Src/stm32wbxx_hal_cortex.o
 .debug_line    0x0000000000003bcf      0xa31 Drivers/STM32WBxx_HAL_Driver/Src/stm32wbxx_hal_dma.o
 .debug_line    0x0000000000004600      0x948 Drivers/STM32WBxx_HAL_Driver/Src/stm32wbxx_hal_gpio.o
 .debug_line    0x0000000000004f48      0xc5d Drivers/STM32WBxx_HAL_Driver/Src/stm32wbxx_hal_pcd.o
 .debug_line    0x0000000000005ba5      0x880 Drivers/STM32WBxx_HAL_Driver/Src/stm32wbxx_hal_pcd_ex.o
 .debug_line    0x0000000000006425      0x9a6 Drivers/STM32WBxx_HAL_Driver/Src/stm32wbxx_hal_pwr.o
 .debug_line    0x0000000000006dcb      0xe8e Drivers/STM32WBxx_HAL_Driver/Src/stm32wbxx_hal_pwr_ex.o
 .debug_line    0x0000000000007c59     0x10e6 Drivers/STM32WBxx_HAL_Driver/Src/stm32wbxx_hal_rcc.o
 .debug_line    0x0000000000008d3f     0x13e6 Drivers/STM32WBxx_HAL_Driver/Src/stm32wbxx_hal_rcc_ex.o
 .debug_line    0x000000000000a125     0x1235 Drivers/STM32WBxx_HAL_Driver/Src/stm32wbxx_hal_spi.o
 .debug_line    0x000000000000b35a     0x1cbb Drivers/STM32WBxx_HAL_Driver/Src/stm32wbxx_hal_uart.o
 .debug_line    0x000000000000d015      0xa28 Drivers/STM32WBxx_HAL_Driver/Src/stm32wbxx_hal_uart_ex.o
 .debug_line    0x000000000000da3d      0xc62 Drivers/STM32WBxx_HAL_Driver/Src/stm32wbxx_ll_usb.o

.debug_str      0x0000000000000000    0xd5fd2
 .debug_str     0x0000000000000000    0xd0862 Core/Src/main.o
                                      0xd1392 (size before relaxing)
 .debug_str     0x00000000000d0862      0x10a Core/Src/stm32wbxx_hal_msp.o
                                      0xd0f89 (size before relaxing)
 .debug_str     0x00000000000d096c       0xbd Core/Src/stm32wbxx_it.o
                                      0xd034d (size before relaxing)
 .debug_str     0x00000000000d0a29       0xee Core/Src/system_stm32wbxx.o
                                      0xd0381 (size before relaxing)
 .debug_str     0x00000000000d0b17       0x36 Core/Startup/startup_stm32wb55rgvx.o
                                         0x79 (size before relaxing)
 .debug_str     0x00000000000d0b4d      0xd8b Drivers/STM32WBxx_HAL_Driver/Src/stm32wbxx_hal.o
                                      0xd117b (size before relaxing)
 .debug_str     0x00000000000d18d8      0x37f Drivers/STM32WBxx_HAL_Driver/Src/stm32wbxx_hal_cortex.o
                                      0xd09eb (size before relaxing)
 .debug_str     0x00000000000d1c57      0x2ae Drivers/STM32WBxx_HAL_Driver/Src/stm32wbxx_hal_dma.o
                                      0xd061d (size before relaxing)
 .debug_str     0x00000000000d1f05      0x216 Drivers/STM32WBxx_HAL_Driver/Src/stm32wbxx_hal_gpio.o
                                      0xd03fe (size before relaxing)
 .debug_str     0x00000000000d211b      0x368 Drivers/STM32WBxx_HAL_Driver/Src/stm32wbxx_hal_pcd.o
                                      0xd07d7 (size before relaxing)
 .debug_str     0x00000000000d2483      0x1c6 Drivers/STM32WBxx_HAL_Driver/Src/stm32wbxx_hal_pcd_ex.o
                                      0xd0600 (size before relaxing)
 .debug_str     0x00000000000d2649      0x55d Drivers/STM32WBxx_HAL_Driver/Src/stm32wbxx_hal_pwr.o
                                      0xd0795 (size before relaxing)
 .debug_str     0x00000000000d2ba6      0x899 Drivers/STM32WBxx_HAL_Driver/Src/stm32wbxx_hal_pwr_ex.o
                                      0xd0cd3 (size before relaxing)
 .debug_str     0x00000000000d343f      0xb12 Drivers/STM32WBxx_HAL_Driver/Src/stm32wbxx_hal_rcc.o
                                      0xd113e (size before relaxing)
 .debug_str     0x00000000000d3f51      0xcac Drivers/STM32WBxx_HAL_Driver/Src/stm32wbxx_hal_rcc_ex.o
                                      0xd157d (size before relaxing)
 .debug_str     0x00000000000d4bfd      0x561 Drivers/STM32WBxx_HAL_Driver/Src/stm32wbxx_hal_spi.o
                                      0xd0b27 (size before relaxing)
 .debug_str     0x00000000000d515e      0x8e4 Drivers/STM32WBxx_HAL_Driver/Src/stm32wbxx_hal_uart.o
                                      0xd1176 (size before relaxing)
 .debug_str     0x00000000000d5a42      0x28d Drivers/STM32WBxx_HAL_Driver/Src/stm32wbxx_hal_uart_ex.o
                                      0xd0867 (size before relaxing)
 .debug_str     0x00000000000d5ccf      0x303 Drivers/STM32WBxx_HAL_Driver/Src/stm32wbxx_ll_usb.o
                                      0xd061d (size before relaxing)

.comment        0x0000000000000000       0x7b
 .comment       0x0000000000000000       0x7b Core/Src/main.o
                                         0x7c (size before relaxing)
 .comment       0x000000000000007b       0x7c Core/Src/stm32wbxx_hal_msp.o
 .comment       0x000000000000007b       0x7c Core/Src/stm32wbxx_it.o
 .comment       0x000000000000007b       0x7c Core/Src/system_stm32wbxx.o
 .comment       0x000000000000007b       0x7c Drivers/STM32WBxx_HAL_Driver/Src/stm32wbxx_hal.o
 .comment       0x000000000000007b       0x7c Drivers/STM32WBxx_HAL_Driver/Src/stm32wbxx_hal_cortex.o
 .comment       0x000000000000007b       0x7c Drivers/STM32WBxx_HAL_Driver/Src/stm32wbxx_hal_dma.o
 .comment       0x000000000000007b       0x7c Drivers/STM32WBxx_HAL_Driver/Src/stm32wbxx_hal_gpio.o
 .comment       0x000000000000007b       0x7c Drivers/STM32WBxx_HAL_Driver/Src/stm32wbxx_hal_pcd.o
 .comment       0x000000000000007b       0x7c Drivers/STM32WBxx_HAL_Driver/Src/stm32wbxx_hal_pcd_ex.o
 .comment       0x000000000000007b       0x7c Drivers/STM32WBxx_HAL_Driver/Src/stm32wbxx_hal_pwr.o
 .comment       0x000000000000007b       0x7c Drivers/STM32WBxx_HAL_Driver/Src/stm32wbxx_hal_pwr_ex.o
 .comment       0x000000000000007b       0x7c Drivers/STM32WBxx_HAL_Driver/Src/stm32wbxx_hal_rcc.o
 .comment       0x000000000000007b       0x7c Drivers/STM32WBxx_HAL_Driver/Src/stm32wbxx_hal_rcc_ex.o
 .comment       0x000000000000007b       0x7c Drivers/STM32WBxx_HAL_Driver/Src/stm32wbxx_hal_spi.o
 .comment       0x000000000000007b       0x7c Drivers/STM32WBxx_HAL_Driver/Src/stm32wbxx_hal_uart.o
 .comment       0x000000000000007b       0x7c Drivers/STM32WBxx_HAL_Driver/Src/stm32wbxx_hal_uart_ex.o
 .comment       0x000000000000007b       0x7c Drivers/STM32WBxx_HAL_Driver/Src/stm32wbxx_ll_usb.o

.debug_frame    0x0000000000000000     0x5fd0
 .debug_frame   0x0000000000000000      0x1a0 Core/Src/main.o
 .debug_frame   0x00000000000001a0      0x1d0 Core/Src/stm32wbxx_hal_msp.o
 .debug_frame   0x0000000000000370      0x10c Core/Src/stm32wbxx_it.o
 .debug_frame   0x000000000000047c       0x58 Core/Src/system_stm32wbxx.o
 .debug_frame   0x00000000000004d4      0xa34 Drivers/STM32WBxx_HAL_Driver/Src/stm32wbxx_hal.o
 .debug_frame   0x0000000000000f08      0x44c Drivers/STM32WBxx_HAL_Driver/Src/stm32wbxx_hal_cortex.o
 .debug_frame   0x0000000000001354      0x24c Drivers/STM32WBxx_HAL_Driver/Src/stm32wbxx_hal_dma.o
 .debug_frame   0x00000000000015a0      0x14c Drivers/STM32WBxx_HAL_Driver/Src/stm32wbxx_hal_gpio.o
 .debug_frame   0x00000000000016ec      0x504 Drivers/STM32WBxx_HAL_Driver/Src/stm32wbxx_hal_pcd.o
 .debug_frame   0x0000000000001bf0      0x14c Drivers/STM32WBxx_HAL_Driver/Src/stm32wbxx_hal_pcd_ex.o
 .debug_frame   0x0000000000001d3c      0x344 Drivers/STM32WBxx_HAL_Driver/Src/stm32wbxx_hal_pwr.o
 .debug_frame   0x0000000000002080      0xb00 Drivers/STM32WBxx_HAL_Driver/Src/stm32wbxx_hal_pwr_ex.o
 .debug_frame   0x0000000000002b80      0xaa8 Drivers/STM32WBxx_HAL_Driver/Src/stm32wbxx_hal_rcc.o
 .debug_frame   0x0000000000003628      0xf3c Drivers/STM32WBxx_HAL_Driver/Src/stm32wbxx_hal_rcc_ex.o
 .debug_frame   0x0000000000004564      0x860 Drivers/STM32WBxx_HAL_Driver/Src/stm32wbxx_hal_spi.o
 .debug_frame   0x0000000000004dc4      0xa5c Drivers/STM32WBxx_HAL_Driver/Src/stm32wbxx_hal_uart.o
 .debug_frame   0x0000000000005820      0x22c Drivers/STM32WBxx_HAL_Driver/Src/stm32wbxx_hal_uart_ex.o
 .debug_frame   0x0000000000005a4c      0x4d8 Drivers/STM32WBxx_HAL_Driver/Src/stm32wbxx_ll_usb.o
 .debug_frame   0x0000000000005f24       0x2c c:/st/stm32cubeide_1.0.2/stm32cubeide/plugins/com.st.stm32cube.ide.mcu.externaltools.gnu-tools-for-stm32.7-2018-q2-update.win32_1.0.0.201904181610/tools/bin/../lib/gcc/arm-none-eabi/7.3.1/../../../../arm-none-eabi/lib/thumb/v7e-m/fpv4-sp/hard\libc_nano.a(lib_a-init.o)
 .debug_frame   0x0000000000005f50       0x20 c:/st/stm32cubeide_1.0.2/stm32cubeide/plugins/com.st.stm32cube.ide.mcu.externaltools.gnu-tools-for-stm32.7-2018-q2-update.win32_1.0.0.201904181610/tools/bin/../lib/gcc/arm-none-eabi/7.3.1/../../../../arm-none-eabi/lib/thumb/v7e-m/fpv4-sp/hard\libc_nano.a(lib_a-memset.o)
 .debug_frame   0x0000000000005f70       0x2c c:/st/stm32cubeide_1.0.2/stm32cubeide/plugins/com.st.stm32cube.ide.mcu.externaltools.gnu-tools-for-stm32.7-2018-q2-update.win32_1.0.0.201904181610/tools/bin/../lib/gcc/arm-none-eabi/7.3.1/thumb/v7e-m/fpv4-sp/hard\libgcc.a(_aeabi_uldivmod.o)
 .debug_frame   0x0000000000005f9c       0x34 c:/st/stm32cubeide_1.0.2/stm32cubeide/plugins/com.st.stm32cube.ide.mcu.externaltools.gnu-tools-for-stm32.7-2018-q2-update.win32_1.0.0.201904181610/tools/bin/../lib/gcc/arm-none-eabi/7.3.1/thumb/v7e-m/fpv4-sp/hard\libgcc.a(_udivmoddi4.o)
