stm32wbxx_ll_rcc.h:1665:22:LL_RCC_LSE_SetDriveCapability	16	static
stm32wbxx_ll_bus.h:340:22:LL_AHB1_GRP1_EnableClock	24	static
stm32wbxx_ll_bus.h:508:22:LL_AHB2_GRP1_EnableClock	24	static
main.c:82:5:main	24	static
main.c:219:6:SystemClock_Config	192	static
main.c:300:13:MX_SPI1_Init	8	static
main.c:340:13:MX_SPI2_Init	8	static
main.c:380:13:MX_USART1_UART_Init	8	static
main.c:428:13:MX_USB_PCD_Init	8	static
main.c:461:13:MX_DMA_Init	8	static
main.c:490:13:MX_GPIO_Init	32	static
main.c:569:6:Error_Handler	4	static
